../Core/Src/as608.c:40:16:MYUSART_SendData	16	static
../Core/Src/as608.c:47:13:SendHead	8	static
../Core/Src/as608.c:54:13:SendAddr	8	static
../Core/Src/as608.c:62:13:SendFlag	16	static
../Core/Src/as608.c:67:13:SendLength	16	static
../Core/Src/as608.c:73:13:Sendcmd	16	static
../Core/Src/as608.c:78:13:SendCheck	16	static
../Core/Src/as608.c:90:16:AS608_Check	16	static
../Core/Src/as608.c:108:9:as608_init	8	static
../Core/Src/as608.c:121:17:JudgeStr	32	static
../Core/Src/as608.c:150:9:PS_GetImage	16	static
../Core/Src/as608.c:173:9:PS_GenChar	24	static
../Core/Src/as608.c:196:9:PS_Match	16	static
../Core/Src/as608.c:219:9:PS_Search	32	static
../Core/Src/as608.c:252:9:PS_RegModel	16	static
../Core/Src/as608.c:276:9:PS_StoreChar	24	static
../Core/Src/as608.c:303:9:PS_DeletChar	24	static
../Core/Src/as608.c:332:9:PS_Empty	16	static
../Core/Src/as608.c:355:9:PS_WriteReg	24	static
../Core/Src/as608.c:384:9:PS_ReadSysPara	24	static
../Core/Src/as608.c:423:9:PS_SetAddr	24	static
../Core/Src/as608.c:458:9:PS_WriteNotepad	24	static
../Core/Src/as608.c:487:9:PS_ReadNotepad	24	static
../Core/Src/as608.c:519:9:PS_HighSpeedSearch	32	static
../Core/Src/as608.c:553:9:PS_ValidTempleteNum	24	static
../Core/Src/as608.c:585:9:PS_HandShake	16	static
../Core/Src/as608.c:613:13:EnsureMessage	24	static
../Core/Src/as608.c:691:6:ShowErrMessage	16	static
../Core/Src/as608.c:699:6:add_finger	64	static
../Core/Src/as608.c:805:6:Add_FR	56	static
../Core/Src/as608.c:994:6:press_FR	64	static
../Core/Src/as608.c:1060:6:Del_FR	40	static
../Core/Src/as608.c:1162:6:Del_FR_Lib	24	static
../Core/Src/as608.c:1200:6:Verify_Admin	48	static
../Core/Src/as608.c:1283:9:FindEmptyID	16	static
../Core/Src/as608.c:1293:6:IsIDEmpty	16	static
