Archive member included to satisfy reference by file (symbol)

d:/stem32/stm32cubeide_1.9.0/stm32cubeide/plugins/com.st.stm32cube.ide.mcu.externaltools.gnu-tools-for-stm32.10.3-2021.10.win32_1.0.0.202111181127/tools/bin/../lib/gcc/arm-none-eabi/10.3.1/../../../../arm-none-eabi/lib/thumb/v7-m/nofp\libc_nano.a(lib_a-errno.o)
                              ./Core/Src/syscalls.o (__errno)
d:/stem32/stm32cubeide_1.9.0/stm32cubeide/plugins/com.st.stm32cube.ide.mcu.externaltools.gnu-tools-for-stm32.10.3-2021.10.win32_1.0.0.202111181127/tools/bin/../lib/gcc/arm-none-eabi/10.3.1/../../../../arm-none-eabi/lib/thumb/v7-m/nofp\libc_nano.a(lib_a-exit.o)
                              d:/stem32/stm32cubeide_1.9.0/stm32cubeide/plugins/com.st.stm32cube.ide.mcu.externaltools.gnu-tools-for-stm32.10.3-2021.10.win32_1.0.0.202111181127/tools/bin/../lib/gcc/arm-none-eabi/10.3.1/../../../../arm-none-eabi/lib/thumb/v7-m/nofp/crt0.o (exit)
d:/stem32/stm32cubeide_1.9.0/stm32cubeide/plugins/com.st.stm32cube.ide.mcu.externaltools.gnu-tools-for-stm32.10.3-2021.10.win32_1.0.0.202111181127/tools/bin/../lib/gcc/arm-none-eabi/10.3.1/../../../../arm-none-eabi/lib/thumb/v7-m/nofp\libc_nano.a(lib_a-impure.o)
                              d:/stem32/stm32cubeide_1.9.0/stm32cubeide/plugins/com.st.stm32cube.ide.mcu.externaltools.gnu-tools-for-stm32.10.3-2021.10.win32_1.0.0.202111181127/tools/bin/../lib/gcc/arm-none-eabi/10.3.1/../../../../arm-none-eabi/lib/thumb/v7-m/nofp\libc_nano.a(lib_a-exit.o) (_global_impure_ptr)
d:/stem32/stm32cubeide_1.9.0/stm32cubeide/plugins/com.st.stm32cube.ide.mcu.externaltools.gnu-tools-for-stm32.10.3-2021.10.win32_1.0.0.202111181127/tools/bin/../lib/gcc/arm-none-eabi/10.3.1/../../../../arm-none-eabi/lib/thumb/v7-m/nofp\libc_nano.a(lib_a-init.o)
                              d:/stem32/stm32cubeide_1.9.0/stm32cubeide/plugins/com.st.stm32cube.ide.mcu.externaltools.gnu-tools-for-stm32.10.3-2021.10.win32_1.0.0.202111181127/tools/bin/../lib/gcc/arm-none-eabi/10.3.1/../../../../arm-none-eabi/lib/thumb/v7-m/nofp/crt0.o (__libc_init_array)
d:/stem32/stm32cubeide_1.9.0/stm32cubeide/plugins/com.st.stm32cube.ide.mcu.externaltools.gnu-tools-for-stm32.10.3-2021.10.win32_1.0.0.202111181127/tools/bin/../lib/gcc/arm-none-eabi/10.3.1/../../../../arm-none-eabi/lib/thumb/v7-m/nofp\libc_nano.a(lib_a-malloc.o)
                              ./Core/Inc/help.o (free)
d:/stem32/stm32cubeide_1.9.0/stm32cubeide/plugins/com.st.stm32cube.ide.mcu.externaltools.gnu-tools-for-stm32.10.3-2021.10.win32_1.0.0.202111181127/tools/bin/../lib/gcc/arm-none-eabi/10.3.1/../../../../arm-none-eabi/lib/thumb/v7-m/nofp\libc_nano.a(lib_a-memcpy-stub.o)
                              ./Core/Src/syn6288.o (memcpy)
d:/stem32/stm32cubeide_1.9.0/stm32cubeide/plugins/com.st.stm32cube.ide.mcu.externaltools.gnu-tools-for-stm32.10.3-2021.10.win32_1.0.0.202111181127/tools/bin/../lib/gcc/arm-none-eabi/10.3.1/../../../../arm-none-eabi/lib/thumb/v7-m/nofp\libc_nano.a(lib_a-memset.o)
                              d:/stem32/stm32cubeide_1.9.0/stm32cubeide/plugins/com.st.stm32cube.ide.mcu.externaltools.gnu-tools-for-stm32.10.3-2021.10.win32_1.0.0.202111181127/tools/bin/../lib/gcc/arm-none-eabi/10.3.1/../../../../arm-none-eabi/lib/thumb/v7-m/nofp/crt0.o (memset)
d:/stem32/stm32cubeide_1.9.0/stm32cubeide/plugins/com.st.stm32cube.ide.mcu.externaltools.gnu-tools-for-stm32.10.3-2021.10.win32_1.0.0.202111181127/tools/bin/../lib/gcc/arm-none-eabi/10.3.1/../../../../arm-none-eabi/lib/thumb/v7-m/nofp\libc_nano.a(lib_a-nano-freer.o)
                              d:/stem32/stm32cubeide_1.9.0/stm32cubeide/plugins/com.st.stm32cube.ide.mcu.externaltools.gnu-tools-for-stm32.10.3-2021.10.win32_1.0.0.202111181127/tools/bin/../lib/gcc/arm-none-eabi/10.3.1/../../../../arm-none-eabi/lib/thumb/v7-m/nofp\libc_nano.a(lib_a-malloc.o) (_free_r)
d:/stem32/stm32cubeide_1.9.0/stm32cubeide/plugins/com.st.stm32cube.ide.mcu.externaltools.gnu-tools-for-stm32.10.3-2021.10.win32_1.0.0.202111181127/tools/bin/../lib/gcc/arm-none-eabi/10.3.1/../../../../arm-none-eabi/lib/thumb/v7-m/nofp\libc_nano.a(lib_a-nano-mallocr.o)
                              d:/stem32/stm32cubeide_1.9.0/stm32cubeide/plugins/com.st.stm32cube.ide.mcu.externaltools.gnu-tools-for-stm32.10.3-2021.10.win32_1.0.0.202111181127/tools/bin/../lib/gcc/arm-none-eabi/10.3.1/../../../../arm-none-eabi/lib/thumb/v7-m/nofp\libc_nano.a(lib_a-malloc.o) (_malloc_r)
d:/stem32/stm32cubeide_1.9.0/stm32cubeide/plugins/com.st.stm32cube.ide.mcu.externaltools.gnu-tools-for-stm32.10.3-2021.10.win32_1.0.0.202111181127/tools/bin/../lib/gcc/arm-none-eabi/10.3.1/../../../../arm-none-eabi/lib/thumb/v7-m/nofp\libc_nano.a(lib_a-printf.o)
                              ./Core/Src/as608.o (printf)
d:/stem32/stm32cubeide_1.9.0/stm32cubeide/plugins/com.st.stm32cube.ide.mcu.externaltools.gnu-tools-for-stm32.10.3-2021.10.win32_1.0.0.202111181127/tools/bin/../lib/gcc/arm-none-eabi/10.3.1/../../../../arm-none-eabi/lib/thumb/v7-m/nofp\libc_nano.a(lib_a-putchar.o)
[...]
Memory Configuration

Name             Origin             Length             Attributes
RAM              0x0000000020000000 0x0000000000010000 xrw
FLASH            0x0000000008000000 0x0000000000080000 xr
*default*        0x0000000000000000 0xffffffffffffffff

Linker script and memory map

LOAD d:/stem32/stm32cubeide_1.9.0/stm32cubeide/plugins/com.st.stm32cube.ide.mcu.externaltools.gnu-tools-for-stm32.10.3-2021.10.win32_1.0.0.202111181127/tools/bin/../lib/gcc/arm-none-eabi/10.3.1/thumb/v7-m/nofp/crti.o
LOAD d:/stem32/stm32cubeide_1.9.0/stm32cubeide/plugins/com.st.stm32cube.ide.mcu.externaltools.gnu-tools-for-stm32.10.3-2021.10.win32_1.0.0.202111181127/tools/bin/../lib/gcc/arm-none-eabi/10.3.1/thumb/v7-m/nofp/crtbegin.o
LOAD d:/stem32/stm32cubeide_1.9.0/stm32cubeide/plugins/com.st.stm32cube.ide.mcu.externaltools.gnu-tools-for-stm32.10.3-2021.10.win32_1.0.0.202111181127/tools/bin/../lib/gcc/arm-none-eabi/10.3.1/../../../../arm-none-eabi/lib/thumb/v7-m/nofp/crt0.o
LOAD ./Core/Inc/help.o
LOAD ./Core/Src/as608.o
LOAD ./Core/Src/fsmc.o
LOAD ./Core/Src/gpio.o
LOAD ./Core/Src/lcdtp.o
LOAD ./Core/Src/main.o
LOAD ./Core/Src/mylibrary.o
LOAD ./Core/Src/pn532.o
LOAD ./Core/Src/pn532_stm32f1.o
LOAD ./Core/Src/rtc.o
LOAD ./Core/Src/spi.o
LOAD ./Core/Src/stm32f1xx_hal_msp.o
LOAD ./Core/Src/stm32f1xx_it.o
LOAD ./Core/Src/syn6288.o
LOAD ./Core/Src/syscalls.o
LOAD ./Core/Src/sysmem.o
LOAD ./Core/Src/system_stm32f1xx.o
LOAD ./Core/Src/tim.o
LOAD ./Core/Src/usart.o
LOAD ./Core/Src/xpt2046.o
LOAD ./Core/Startup/startup_stm32f103vetx.o
LOAD ./Drivers/STM32F1xx_HAL_Driver/Src/stm32f1xx_hal.o
LOAD ./Drivers/STM32F1xx_HAL_Driver/Src/stm32f1xx_hal_cortex.o
LOAD ./Drivers/STM32F1xx_HAL_Driver/Src/stm32f1xx_hal_dma.o
LOAD ./Drivers/STM32F1xx_HAL_Driver/Src/stm32f1xx_hal_exti.o
LOAD ./Drivers/STM32F1xx_HAL_Driver/Src/stm32f1xx_hal_flash.o
LOAD ./Drivers/STM32F1xx_HAL_Driver/Src/stm32f1xx_hal_flash_ex.o
LOAD ./Drivers/STM32F1xx_HAL_Driver/Src/stm32f1xx_hal_gpio.o
LOAD ./Drivers/STM32F1xx_HAL_Driver/Src/stm32f1xx_hal_gpio_ex.o
LOAD ./Drivers/STM32F1xx_HAL_Driver/Src/stm32f1xx_hal_pwr.o
LOAD ./Drivers/STM32F1xx_HAL_Driver/Src/stm32f1xx_hal_rcc.o
LOAD ./Drivers/STM32F1xx_HAL_Driver/Src/stm32f1xx_hal_rcc_ex.o
LOAD ./Drivers/STM32F1xx_HAL_Driver/Src/stm32f1xx_hal_rtc.o
LOAD ./Drivers/STM32F1xx_HAL_Driver/Src/stm32f1xx_hal_rtc_ex.o
LOAD ./Drivers/STM32F1xx_HAL_Driver/Src/stm32f1xx_hal_spi.o
LOAD ./Drivers/STM32F1xx_HAL_Driver/Src/stm32f1xx_hal_sram.o
LOAD ./Drivers/STM32F1xx_HAL_Driver/Src/stm32f1xx_hal_tim.o
LOAD ./Drivers/STM32F1xx_HAL_Driver/Src/stm32f1xx_hal_tim_ex.o
LOAD ./Drivers/STM32F1xx_HAL_Driver/Src/stm32f1xx_hal_uart.o
LOAD ./Drivers/STM32F1xx_HAL_Driver/Src/stm32f1xx_ll_fsmc.o
START GROUP
LOAD d:/stem32/stm32cubeide_1.9.0/stm32cubeide/plugins/com.st.stm32cube.ide.mcu.externaltools.gnu-tools-for-stm32.10.3-2021.10.win32_1.0.0.202111181127/tools/bin/../lib/gcc/arm-none-eabi/10.3.1/../../../../arm-none-eabi/lib/thumb/v7-m/nofp\libc_nano.a
LOAD d:/stem32/stm32cubeide_1.9.0/stm32cubeide/plugins/com.st.stm32cube.ide.mcu.externaltools.gnu-tools-for-stm32.10.3-2021.10.win32_1.0.0.202111181127/tools/bin/../lib/gcc/arm-none-eabi/10.3.1/../../../../arm-none-eabi/lib/thumb/v7-m/nofp\libm.a
END GROUP
START GROUP
LOAD d:/stem32/stm32cubeide_1.9.0/stm32cubeide/plugins/com.st.stm32cube.ide.mcu.externaltools.gnu-tools-for-stm32.10.3-2021.10.win32_1.0.0.202111181127/tools/bin/../lib/gcc/arm-none-eabi/10.3.1/thumb/v7-m/nofp\libgcc.a
LOAD d:/stem32/stm32cubeide_1.9.0/stm32cubeide/plugins/com.st.stm32cube.ide.mcu.externaltools.gnu-tools-for-stm32.10.3-2021.10.win32_1.0.0.202111181127/tools/bin/../lib/gcc/arm-none-eabi/10.3.1/../../../../arm-none-eabi/lib/thumb/v7-m/nofp\libc_nano.a
END GROUP
START GROUP
LOAD d:/stem32/stm32cubeide_1.9.0/stm32cubeide/plugins/com.st.stm32cube.ide.mcu.externaltools.gnu-tools-for-stm32.10.3-2021.10.win32_1.0.0.202111181127/tools/bin/../lib/gcc/arm-none-eabi/10.3.1/thumb/v7-m/nofp\libgcc.a
LOAD d:/stem32/stm32cubeide_1.9.0/stm32cubeide/plugins/com.st.stm32cube.ide.mcu.externaltools.gnu-tools-for-stm32.10.3-2021.10.win32_1.0.0.202111181127/tools/bin/../lib/gcc/arm-none-eabi/10.3.1/../../../../arm-none-eabi/lib/thumb/v7-m/nofp\libc_nano.a
LOAD d:/stem32/stm32cubeide_1.9.0/stm32cubeide/plugins/com.st.stm32cube.ide.mcu.externaltools.gnu-tools-for-stm32.10.3-2021.10.win32_1.0.0.202111181127/tools/bin/../lib/gcc/arm-none-eabi/10.3.1/../../../../arm-none-eabi/lib/thumb/v7-m/nofp\libnosys.a
END GROUP
START GROUP
LOAD d:/stem32/stm32cubeide_1.9.0/stm32cubeide/plugins/com.st.stm32cube.ide.mcu.externaltools.gnu-tools-for-stm32.10.3-2021.10.win32_1.0.0.202111181127/tools/bin/../lib/gcc/arm-none-eabi/10.3.1/thumb/v7-m/nofp\libgcc.a
LOAD d:/stem32/stm32cubeide_1.9.0/stm32cubeide/plugins/com.st.stm32cube.ide.mcu.externaltools.gnu-tools-for-stm32.10.3-2021.10.win32_1.0.0.202111181127/tools/bin/../lib/gcc/arm-none-eabi/10.3.1/../../../../arm-none-eabi/lib/thumb/v7-m/nofp\libc_nano.a
LOAD d:/stem32/stm32cubeide_1.9.0/stm32cubeide/plugins/com.st.stm32cube.ide.mcu.externaltools.gnu-tools-for-stm32.10.3-2021.10.win32_1.0.0.202111181127/tools/bin/../lib/gcc/arm-none-eabi/10.3.1/../../../../arm-none-eabi/lib/thumb/v7-m/nofp\libnosys.a
END GROUP
LOAD d:/stem32/stm32cubeide_1.9.0/stm32cubeide/plugins/com.st.stm32cube.ide.mcu.externaltools.gnu-tools-for-stm32.10.3-2021.10.win32_1.0.0.202111181127/tools/bin/../lib/gcc/arm-none-eabi/10.3.1/thumb/v7-m/nofp/crtend.o
LOAD d:/stem32/stm32cubeide_1.9.0/stm32cubeide/plugins/com.st.stm32cube.ide.mcu.externaltools.gnu-tools-for-stm32.10.3-2021.10.win32_1.0.0.202111181127/tools/bin/../lib/gcc/arm-none-eabi/10.3.1/thumb/v7-m/nofp/crtn.o
                0x0000000020010000                _estack = (ORIGIN (RAM) + LENGTH (RAM))
                0x0000000000000200                _Min_Heap_Size = 0x200
                0x0000000000000400                _Min_Stack_Size = 0x400

.isr_vector     0x0000000008000000      0x1e4
                0x0000000008000000                . = ALIGN (0x4)
 *(.isr_vector)
 .isr_vector    0x0000000008000000      0x1e4 ./Core/Startup/startup_stm32f103vetx.o
                0x0000000008000000                g_pfnVectors
                0x00000000080001e4                . = ALIGN (0x4)

.text           0x00000000080001e4     0xe488
                0x00000000080001e4                . = ALIGN (0x4)
 *(.text)
 .text          0x00000000080001e4       0x40 d:/stem32/stm32cubeide_1.9.0/stm32cubeide/plugins/com.st.stm32cube.ide.mcu.externaltools.gnu-tools-for-stm32.10.3-2021.10.win32_1.0.0.202111181127/tools/bin/../lib/gcc/arm-none-eabi/10.3.1/thumb/v7-m/nofp/crtbegin.o
 .text          0x0000000008000224       0x10 d:/stem32/stm32cubeide_1.9.0/stm32cubeide/plugins/com.st.stm32cube.ide.mcu.externaltools.gnu-tools-for-stm32.10.3-2021.10.win32_1.0.0.202111181127/tools/bin/../lib/gcc/arm-none-eabi/10.3.1/../../../../arm-none-eabi/lib/thumb/v7-m/nofp\libc_nano.a(lib_a-strlen.o)
                0x0000000008000224                strlen
 .text          0x0000000008000234      0x378 d:/stem32/stm32cubeide_1.9.0/stm32cubeide/plugins/com.st.stm32cube.ide.mcu.externaltools.gnu-tools-for-stm32.10.3-2021.10.win32_1.0.0.202111181127/tools/bin/../lib/gcc/arm-none-eabi/10.3.1/thumb/v7-m/nofp\libgcc.a(_arm_addsubdf3.o)
                0x0000000008000234                __aeabi_drsub
                0x000000000800023c                __aeabi_dsub
                0x000000000800023c                __subdf3
                0x0000000008000240                __aeabi_dadd
                0x0000000008000240                __adddf3
                0x00000000080004b8                __floatunsidf
                0x00000000080004b8                __aeabi_ui2d
                0x00000000080004d8                __floatsidf
                0x00000000080004d8                __aeabi_i2d
                0x00000000080004fc                __aeabi_f2d
                0x00000000080004fc                __extendsfdf2
                0x0000000008000540                __floatundidf
                0x0000000008000540                __aeabi_ul2d
                0x0000000008000550                __floatdidf
                0x0000000008000550                __aeabi_l2d
 .text          0x00000000080005ac      0x424 d:/stem32/stm32cubeide_1.9.0/stm32cubeide/plugins/com.st.stm32cube.ide.mcu.externaltools.gnu-tools-for-stm32.10.3-2021.10.win32_1.0.0.202111181127/tools/bin/../lib/gcc/arm-none-eabi/10.3.1/thumb/v7-m/nofp\libgcc.a(_arm_muldivdf3.o)
                0x00000000080005ac                __aeabi_dmul
                0x00000000080005ac                __muldf3
                0x0000000008000800                __divdf3
                0x0000000008000800                __aeabi_ddiv
 .text          0x00000000080009d0      0x110 d:/stem32/stm32cubeide_1.9.0/stm32cubeide/plugins/com.st.stm32cube.ide.mcu.externaltools.gnu-tools-for-stm32.10.3-2021.10.win32_1.0.0.202111181127/tools/bin/../lib/gcc/arm-none-eabi/10.3.1/thumb/v7-m/nofp\libgcc.a(_arm_cmpdf2.o)
                0x00000000080009d0                __gtdf2
                0x00000000080009d0                __gedf2
                0x00000000080009d8                __ltdf2
                0x00000000080009d8                __ledf2
                0x00000000080009e0                __nedf2
                0x00000000080009e0                __eqdf2
                0x00000000080009e0                __cmpdf2
                0x0000000008000a5c                __aeabi_cdrcmple
                0x0000000008000a6c                __aeabi_cdcmpeq
                0x0000000008000a6c                __aeabi_cdcmple
                0x0000000008000a7c                __aeabi_dcmpeq
                0x0000000008000a90                __aeabi_dcmplt
                0x0000000008000aa4                __aeabi_dcmple
                0x0000000008000ab8                __aeabi_dcmpge
                0x0000000008000acc                __aeabi_dcmpgt
 .text          0x0000000008000ae0       0x40 d:/stem32/stm32cubeide_1.9.0/stm32cubeide/plugins/com.st.stm32cube.ide.mcu.externaltools.gnu-tools-for-stm32.10.3-2021.10.win32_1.0.0.202111181127/tools/bin/../lib/gcc/arm-none-eabi/10.3.1/thumb/v7-m/nofp\libgcc.a(_arm_fixunsdfsi.o)
                0x0000000008000ae0                __aeabi_d2uiz
                0x0000000008000ae0                __fixunsdfsi
 *(.text*)
 .text.DrawMainMenu
                0x0000000008000b20       0xd0 ./Core/Inc/help.o
                0x0000000008000b20                DrawMainMenu
 .text.DrawSubMenu
                0x0000000008000bf0       0xfc ./Core/Inc/help.o
                0x0000000008000bf0                DrawSubMenu
 .text.DrawmanagerMenu
                0x0000000008000cec       0xbc ./Core/Inc/help.o
                0x0000000008000cec                DrawmanagerMenu
 .text.DrawNFCMenu
                0x0000000008000da8      0x104 ./Core/Inc/help.o
                0x0000000008000da8                DrawNFCMenu
 .text.Draw_adding_NFC
                0x0000000008000eac       0x4c ./Core/Inc/help.o
                0x0000000008000eac                Draw_adding_NFC
 .text.Draw_delete_NFC
                0x0000000008000ef8       0x4c ./Core/Inc/help.o
                0x0000000008000ef8                Draw_delete_NFC
 .text.RESETPASSWORDMenu
                0x0000000008000f44       0x78 ./Core/Inc/help.o
                0x0000000008000f44                RESETPASSWORDMenu
 .text.Draw_FINGER_Menu
                0x0000000008000fbc      0x114 ./Core/Inc/help.o
                0x0000000008000fbc                Draw_FINGER_Menu
 .text.add_finger_Menu
                0x00000000080010d0       0x4c ./Core/Inc/help.o
                0x00000000080010d0                add_finger_Menu
 .text.delete_finger_Menu
                0x000000000800111c       0x4c ./Core/Inc/help.o
                0x000000000800111c                delete_finger_Menu
 .text.ResetPassword
                0x0000000008001168      0x7d4 ./Core/Inc/help.o
                0x0000000008001168                ResetPassword
 .text.CheckUIDAndControlLock
                0x000000000800193c      0x220 ./Core/Inc/help.o
                0x000000000800193c                CheckUIDAndControlLock
 .text.adding_nfc_card
                0x0000000008001b5c      0x3c4 ./Core/Inc/help.o
                0x0000000008001b5c                adding_nfc_card
 .text.delete_nfc_card
                0x0000000008001f20      0x420 ./Core/Inc/help.o
                0x0000000008001f20                delete_nfc_card
 .text.delete_nfc_card_libr
                0x0000000008002340      0x1d0 ./Core/Inc/help.o
                0x0000000008002340                delete_nfc_card_libr
 .text.replace_manager_card
                0x0000000008002510      0x168 ./Core/Inc/help.o
                0x0000000008002510                replace_manager_card
 .text.MYUSART_SendData
                0x0000000008002678       0x30 ./Core/Src/as608.o
 .text.SendHead
                0x00000000080026a8       0x24 ./Core/Src/as608.o
 .text.SendAddr
                0x00000000080026cc       0x44 ./Core/Src/as608.o
 .text.SendFlag
                0x0000000008002710       0x1a ./Core/Src/as608.o
 .text.SendLength
                0x000000000800272a       0x26 ./Core/Src/as608.o
 .text.Sendcmd  0x0000000008002750       0x1a ./Core/Src/as608.o
 .text.SendCheck
                0x000000000800276a       0x2a ./Core/Src/as608.o
 .text.AS608_Check
                0x0000000008002794       0x58 ./Core/Src/as608.o
 .text.as608_init
                0x00000000080027ec       0x3c ./Core/Src/as608.o
                0x00000000080027ec                as608_init
 .text.JudgeStr
                0x0000000008002828       0x98 ./Core/Src/as608.o
 .text.PS_GetImage
                0x00000000080028c0       0x52 ./Core/Src/as608.o
                0x00000000080028c0                PS_GetImage
 .text.PS_GenChar
                0x0000000008002912       0x62 ./Core/Src/as608.o
                0x0000000008002912                PS_GenChar
 .text.PS_Match
                0x0000000008002974       0x52 ./Core/Src/as608.o
                0x0000000008002974                PS_Match
 .text.PS_RegModel
                0x00000000080029c6       0x52 ./Core/Src/as608.o
                0x00000000080029c6                PS_RegModel
 .text.PS_StoreChar
                0x0000000008002a18       0x94 ./Core/Src/as608.o
                0x0000000008002a18                PS_StoreChar
 .text.PS_DeletChar
                0x0000000008002aac       0xb0 ./Core/Src/as608.o
                0x0000000008002aac                PS_DeletChar
 .text.PS_Empty
                0x0000000008002b5c       0x52 ./Core/Src/as608.o
                0x0000000008002b5c                PS_Empty
 .text.PS_HighSpeedSearch
                0x0000000008002bae       0xfc ./Core/Src/as608.o
                0x0000000008002bae                PS_HighSpeedSearch
 *fill*         0x0000000008002caa        0x2 
 .text.PS_HandShake
                0x0000000008002cac       0x8c ./Core/Src/as608.o
                0x0000000008002cac                PS_HandShake
 .text.EnsureMessage
                0x0000000008002d38      0x18c ./Core/Src/as608.o
                0x0000000008002d38                EnsureMessage
 .text.ShowErrMessage
                0x0000000008002ec4       0x28 ./Core/Src/as608.o
                0x0000000008002ec4                ShowErrMessage
 .text.add_finger
                0x0000000008002eec      0x28c ./Core/Src/as608.o
                0x0000000008002eec                add_finger
 .text.Add_FR   0x0000000008003178      0x564 ./Core/Src/as608.o
                0x0000000008003178                Add_FR
 .text.press_FR
                0x00000000080036dc      0x194 ./Core/Src/as608.o
                0x00000000080036dc                press_FR
 .text.Del_FR   0x0000000008003870      0x278 ./Core/Src/as608.o
                0x0000000008003870                Del_FR
 .text.Del_FR_Lib
                0x0000000008003ae8       0xa8 ./Core/Src/as608.o
                0x0000000008003ae8                Del_FR_Lib
 .text.Verify_Admin
                0x0000000008003b90      0x214 ./Core/Src/as608.o
                0x0000000008003b90                Verify_Admin
 .text.FindEmptyID
                0x0000000008003da4       0x34 ./Core/Src/as608.o
                0x0000000008003da4                FindEmptyID
 .text.IsIDEmpty
                0x0000000008003dd8       0x34 ./Core/Src/as608.o
                0x0000000008003dd8                IsIDEmpty
 .text.MX_FSMC_Init
                0x0000000008003e0c       0xc8 ./Core/Src/fsmc.o
                0x0000000008003e0c                MX_FSMC_Init
 .text.HAL_FSMC_MspInit
                0x0000000008003ed4       0x88 ./Core/Src/fsmc.o
 .text.HAL_SRAM_MspInit
                0x0000000008003f5c       0x14 ./Core/Src/fsmc.o
                0x0000000008003f5c                HAL_SRAM_MspInit
 .text.MX_GPIO_Init
                0x0000000008003f70      0x22c ./Core/Src/gpio.o
                0x0000000008003f70                MX_GPIO_Init
 .text.HAL_GPIO_EXTI_Callback
                0x000000000800419c       0xd0 ./Core/Src/gpio.o
                0x000000000800419c                HAL_GPIO_EXTI_Callback
 .text.Get_Key_Ch
                0x000000000800426c      0x108 ./Core/Src/gpio.o
                0x000000000800426c                Get_Key_Ch
 .text.Delay    0x0000000008004374       0x22 ./Core/Src/lcdtp.o
                0x0000000008004374                Delay
 .text.LCD_INIT
                0x0000000008004396       0x2e ./Core/Src/lcdtp.o
                0x0000000008004396                LCD_INIT
 .text.LCD_Rst  0x00000000080043c4       0x30 ./Core/Src/lcdtp.o
                0x00000000080043c4                LCD_Rst
 .text.LCD_BackLed_Control
                0x00000000080043f4       0x38 ./Core/Src/lcdtp.o
                0x00000000080043f4                LCD_BackLed_Control
 .text.LCD_Write_Cmd
                0x000000000800442c       0x1c ./Core/Src/lcdtp.o
                0x000000000800442c                LCD_Write_Cmd
 .text.LCD_Write_Data
                0x0000000008004448       0x20 ./Core/Src/lcdtp.o
                0x0000000008004448                LCD_Write_Data
 .text.LCD_REG_Config
                0x0000000008004468      0x234 ./Core/Src/lcdtp.o
                0x0000000008004468                LCD_REG_Config
 .text.LCD_OpenWindow
                0x000000000800469c       0xb2 ./Core/Src/lcdtp.o
                0x000000000800469c                LCD_OpenWindow
 .text.LCD_FillColor
                0x000000000800474e       0x3c ./Core/Src/lcdtp.o
                0x000000000800474e                LCD_FillColor
 .text.LCD_Clear
                0x000000000800478a       0x46 ./Core/Src/lcdtp.o
                0x000000000800478a                LCD_Clear
 .text.LCD_DrawLine
                0x00000000080047d0      0x10a ./Core/Src/lcdtp.o
                0x00000000080047d0                LCD_DrawLine
 *fill*         0x00000000080048da        0x2 
 .text.LCD_DrawChar
                0x00000000080048dc       0x8c ./Core/Src/lcdtp.o
                0x00000000080048dc                LCD_DrawChar
 .text.LCD_DrawString
                0x0000000008004968       0x5e ./Core/Src/lcdtp.o
                0x0000000008004968                LCD_DrawString
 .text.LCD_DrawDot
                0x00000000080049c6       0x3e ./Core/Src/lcdtp.o
                0x00000000080049c6                LCD_DrawDot
 .text.LCD_DrawChar_Color
                0x0000000008004a04       0x9c ./Core/Src/lcdtp.o
                0x0000000008004a04                LCD_DrawChar_Color
 .text.LCD_DrawCross
                0x0000000008004aa0       0x44 ./Core/Src/lcdtp.o
                0x0000000008004aa0                LCD_DrawCross
 .text.LCD_DrawString_Color
                0x0000000008004ae4       0x6a ./Core/Src/lcdtp.o
                0x0000000008004ae4                LCD_DrawString_Color
 *fill*         0x0000000008004b4e        0x2 
 .text.HAL_UART_RxCpltCallback
                0x0000000008004b50       0x30 ./Core/Src/main.o
                0x0000000008004b50                HAL_UART_RxCpltCallback
 .text.HAL_TIM_PeriodElapsedCallback
                0x0000000008004b80       0x30 ./Core/Src/main.o
                0x0000000008004b80                HAL_TIM_PeriodElapsedCallback
 .text.main     0x0000000008004bb0     0x1da0 ./Core/Src/main.o
                0x0000000008004bb0                main
 .text.SystemClock_Config
                0x0000000008006950       0xbe ./Core/Src/main.o
                0x0000000008006950                SystemClock_Config
 .text.Error_Handler
                0x0000000008006a0e        0xc ./Core/Src/main.o
                0x0000000008006a0e                Error_Handler
 .text.string_compare
                0x0000000008006a1a       0x62 ./Core/Src/mylibrary.o
                0x0000000008006a1a                string_compare
 .text.PN532_WriteFrame
                0x0000000008006a7c      0x1a6 ./Core/Src/pn532.o
                0x0000000008006a7c                PN532_WriteFrame
 *fill*         0x0000000008006c22        0x2 
 .text.PN532_ReadFrame
                0x0000000008006c24      0x1fc ./Core/Src/pn532.o
                0x0000000008006c24                PN532_ReadFrame
 .text.PN532_CallFunction
                0x0000000008006e20      0x24c ./Core/Src/pn532.o
                0x0000000008006e20                PN532_CallFunction
 .text.PN532_GetFirmwareVersion
                0x000000000800706c       0x48 ./Core/Src/pn532.o
                0x000000000800706c                PN532_GetFirmwareVersion
 .text.PN532_SamConfiguration
                0x00000000080070b4       0x44 ./Core/Src/pn532.o
                0x00000000080070b4                PN532_SamConfiguration
 .text.PN532_ReadPassiveTarget
                0x00000000080070f8       0xb4 ./Core/Src/pn532.o
                0x00000000080070f8                PN532_ReadPassiveTarget
 .text.PN532_Reset
                0x00000000080071ac       0x40 ./Core/Src/pn532_stm32f1.o
                0x00000000080071ac                PN532_Reset
 .text.PN532_Log
                0x00000000080071ec       0x1c ./Core/Src/pn532_stm32f1.o
                0x00000000080071ec                PN532_Log
 .text.spi_rw   0x0000000008007208       0x50 ./Core/Src/pn532_stm32f1.o
                0x0000000008007208                spi_rw
 .text.PN532_SPI_ReadData
                0x0000000008007258       0xb0 ./Core/Src/pn532_stm32f1.o
                0x0000000008007258                PN532_SPI_ReadData
 .text.PN532_SPI_WriteData
                0x0000000008007308       0xaa ./Core/Src/pn532_stm32f1.o
                0x0000000008007308                PN532_SPI_WriteData
 .text.PN532_SPI_WaitReady
                0x00000000080073b2       0x50 ./Core/Src/pn532_stm32f1.o
                0x00000000080073b2                PN532_SPI_WaitReady
 *fill*         0x0000000008007402        0x2 
 .text.PN532_SPI_Wakeup
                0x0000000008007404       0x44 ./Core/Src/pn532_stm32f1.o
                0x0000000008007404                PN532_SPI_Wakeup
 .text.PN532_SPI_Init
                0x0000000008007448       0x54 ./Core/Src/pn532_stm32f1.o
                0x0000000008007448                PN532_SPI_Init
 .text.MX_RTC_Init
                0x000000000800749c       0x94 ./Core/Src/rtc.o
                0x000000000800749c                MX_RTC_Init
 .text.HAL_RTC_MspInit
                0x0000000008007530       0x48 ./Core/Src/rtc.o
                0x0000000008007530                HAL_RTC_MspInit
 .text.MX_SPI1_Init
                0x0000000008007578       0x6c ./Core/Src/spi.o
                0x0000000008007578                MX_SPI1_Init
 .text.HAL_SPI_MspInit
                0x00000000080075e4       0x94 ./Core/Src/spi.o
                0x00000000080075e4                HAL_SPI_MspInit
 .text.HAL_MspInit
                0x0000000008007678       0x64 ./Core/Src/stm32f1xx_hal_msp.o
                0x0000000008007678                HAL_MspInit
 .text.NMI_Handler
                0x00000000080076dc        0xc ./Core/Src/stm32f1xx_it.o
                0x00000000080076dc                NMI_Handler
 .text.HardFault_Handler
                0x00000000080076e8        0x6 ./Core/Src/stm32f1xx_it.o
                0x00000000080076e8                HardFault_Handler
 .text.MemManage_Handler
                0x00000000080076ee        0x6 ./Core/Src/stm32f1xx_it.o
                0x00000000080076ee                MemManage_Handler
 .text.BusFault_Handler
                0x00000000080076f4        0x6 ./Core/Src/stm32f1xx_it.o
                0x00000000080076f4                BusFault_Handler
 .text.UsageFault_Handler
                0x00000000080076fa        0x6 ./Core/Src/stm32f1xx_it.o
                0x00000000080076fa                UsageFault_Handler
 .text.SVC_Handler
                0x0000000008007700        0xc ./Core/Src/stm32f1xx_it.o
                0x0000000008007700                SVC_Handler
 .text.DebugMon_Handler
                0x000000000800770c        0xc ./Core/Src/stm32f1xx_it.o
                0x000000000800770c                DebugMon_Handler
 .text.PendSV_Handler
                0x0000000008007718        0xc ./Core/Src/stm32f1xx_it.o
                0x0000000008007718                PendSV_Handler
 .text.SysTick_Handler
                0x0000000008007724        0xc ./Core/Src/stm32f1xx_it.o
                0x0000000008007724                SysTick_Handler
 .text.EXTI9_5_IRQHandler
                0x0000000008007730       0x1e ./Core/Src/stm32f1xx_it.o
                0x0000000008007730                EXTI9_5_IRQHandler
 *fill*         0x000000000800774e        0x2 
 .text.TIM2_IRQHandler
                0x0000000008007750       0x14 ./Core/Src/stm32f1xx_it.o
                0x0000000008007750                TIM2_IRQHandler
 .text.USART2_IRQHandler
                0x0000000008007764       0x14 ./Core/Src/stm32f1xx_it.o
                0x0000000008007764                USART2_IRQHandler
 .text.USART3_IRQHandler
                0x0000000008007778       0x58 ./Core/Src/stm32f1xx_it.o
                0x0000000008007778                USART3_IRQHandler
 .text.EXTI15_10_IRQHandler
                0x00000000080077d0       0x18 ./Core/Src/stm32f1xx_it.o
                0x00000000080077d0                EXTI15_10_IRQHandler
 .text.TIM5_IRQHandler
                0x00000000080077e8       0x14 ./Core/Src/stm32f1xx_it.o
                0x00000000080077e8                TIM5_IRQHandler
 .text.ClearBuffer
                0x00000000080077fc       0x18 ./Core/Src/syn6288.o
                0x00000000080077fc                ClearBuffer
 .text.SendStr5
                0x0000000008007814       0x38 ./Core/Src/syn6288.o
                0x0000000008007814                SendStr5
 .text.SYN_FrameInfo
                0x000000000800784c      0x134 ./Core/Src/syn6288.o
                0x000000000800784c                SYN_FrameInfo
 .text._read    0x0000000008007980       0x3a ./Core/Src/syscalls.o
                0x0000000008007980                _read
 .text._write   0x00000000080079ba       0x38 ./Core/Src/syscalls.o
                0x00000000080079ba                _write
 .text._close   0x00000000080079f2       0x16 ./Core/Src/syscalls.o
                0x00000000080079f2                _close
 .text._fstat   0x0000000008007a08       0x1e ./Core/Src/syscalls.o
                0x0000000008007a08                _fstat
 .text._isatty  0x0000000008007a26       0x14 ./Core/Src/syscalls.o
                0x0000000008007a26                _isatty
 .text._lseek   0x0000000008007a3a       0x18 ./Core/Src/syscalls.o
                0x0000000008007a3a                _lseek
 *fill*         0x0000000008007a52        0x2 
 .text._sbrk    0x0000000008007a54       0x6c ./Core/Src/sysmem.o
                0x0000000008007a54                _sbrk
 .text.SystemInit
                0x0000000008007ac0        0xc ./Core/Src/system_stm32f1xx.o
                0x0000000008007ac0                SystemInit
 .text.MX_TIM1_Init
                0x0000000008007acc      0x13c ./Core/Src/tim.o
                0x0000000008007acc                MX_TIM1_Init
 .text.MX_TIM2_Init
                0x0000000008007c08       0x9c ./Core/Src/tim.o
                0x0000000008007c08                MX_TIM2_Init
 .text.MX_TIM5_Init
                0x0000000008007ca4       0x9c ./Core/Src/tim.o
                0x0000000008007ca4                MX_TIM5_Init
 .text.HAL_TIM_Base_MspInit
                0x0000000008007d40       0xa8 ./Core/Src/tim.o
                0x0000000008007d40                HAL_TIM_Base_MspInit
 .text.HAL_TIM_MspPostInit
                0x0000000008007de8       0x68 ./Core/Src/tim.o
                0x0000000008007de8                HAL_TIM_MspPostInit
 .text.MX_USART2_UART_Init
                0x0000000008007e50       0x54 ./Core/Src/usart.o
                0x0000000008007e50                MX_USART2_UART_Init
 .text.MX_USART3_UART_Init
                0x0000000008007ea4       0x54 ./Core/Src/usart.o
                0x0000000008007ea4                MX_USART3_UART_Init
 .text.HAL_UART_MspInit
                0x0000000008007ef8      0x154 ./Core/Src/usart.o
                0x0000000008007ef8                HAL_UART_MspInit
 .text.SYS6288_uartInit
                0x000000000800804c       0x60 ./Core/Src/usart.o
                0x000000000800804c                SYS6288_uartInit
 .text.XPT2046_DelayUS
                0x00000000080080ac       0x38 ./Core/Src/xpt2046.o
 .text.XPT2046_WriteCMD
                0x00000000080080e4       0x88 ./Core/Src/xpt2046.o
 .text.XPT2046_ReadCMD
                0x000000000800816c       0x78 ./Core/Src/xpt2046.o
 .text.XPT2046_ReadAdc
                0x00000000080081e4       0x20 ./Core/Src/xpt2046.o
 .text.XPT2046_ReadAdc_XY
                0x0000000008008204       0x38 ./Core/Src/xpt2046.o
 .text.XPT2046_ReadAdc_Smooth_XY
                0x000000000800823c      0x22c ./Core/Src/xpt2046.o
 .text.XPT2046_Calculate_CalibrationFactor
                0x0000000008008468      0x31a ./Core/Src/xpt2046.o
 *fill*         0x0000000008008782        0x2 
 .text.XPT2046_Touch_Calibrate
                0x0000000008008784      0x478 ./Core/Src/xpt2046.o
                0x0000000008008784                XPT2046_Touch_Calibrate
 .text.XPT2046_Get_TouchedPoint
                0x0000000008008bfc      0x10e ./Core/Src/xpt2046.o
                0x0000000008008bfc                XPT2046_Get_TouchedPoint
 *fill*         0x0000000008008d0a        0x2 
 .text.Reset_Handler
                0x0000000008008d0c       0x48 ./Core/Startup/startup_stm32f103vetx.o
                0x0000000008008d0c                Reset_Handler
 .text.Default_Handler
                0x0000000008008d54        0x2 ./Core/Startup/startup_stm32f103vetx.o
                0x0000000008008d54                RTC_Alarm_IRQHandler
                0x0000000008008d54                EXTI2_IRQHandler
                0x0000000008008d54                TIM8_TRG_COM_IRQHandler
                0x0000000008008d54                TIM8_CC_IRQHandler
                0x0000000008008d54                TIM1_CC_IRQHandler
                0x0000000008008d54                TIM6_IRQHandler
                0x0000000008008d54                PVD_IRQHandler
                0x0000000008008d54                SDIO_IRQHandler
                0x0000000008008d54                EXTI3_IRQHandler
                0x0000000008008d54                EXTI0_IRQHandler
                0x0000000008008d54                I2C2_EV_IRQHandler
                0x0000000008008d54                ADC1_2_IRQHandler
                0x0000000008008d54                SPI1_IRQHandler
                0x0000000008008d54                TAMPER_IRQHandler
                0x0000000008008d54                TIM8_UP_IRQHandler
                0x0000000008008d54                DMA2_Channel2_IRQHandler
                0x0000000008008d54                DMA1_Channel4_IRQHandler
                0x0000000008008d54                RTC_IRQHandler
                0x0000000008008d54                DMA1_Channel7_IRQHandler
                0x0000000008008d54                CAN1_RX1_IRQHandler
                0x0000000008008d54                UART5_IRQHandler
                0x0000000008008d54                ADC3_IRQHandler
                0x0000000008008d54                TIM4_IRQHandler
                0x0000000008008d54                DMA2_Channel1_IRQHandler
                0x0000000008008d54                I2C1_EV_IRQHandler
                0x0000000008008d54                DMA1_Channel6_IRQHandler
                0x0000000008008d54                UART4_IRQHandler
                0x0000000008008d54                TIM3_IRQHandler
                0x0000000008008d54                RCC_IRQHandler
                0x0000000008008d54                TIM1_TRG_COM_IRQHandler
                0x0000000008008d54                DMA1_Channel1_IRQHandler
                0x0000000008008d54                Default_Handler
                0x0000000008008d54                TIM7_IRQHandler
                0x0000000008008d54                SPI2_IRQHandler
                0x0000000008008d54                DMA1_Channel5_IRQHandler
                0x0000000008008d54                EXTI4_IRQHandler
                0x0000000008008d54                USB_LP_CAN1_RX0_IRQHandler
                0x0000000008008d54                USB_HP_CAN1_TX_IRQHandler
                0x0000000008008d54                DMA1_Channel3_IRQHandler
                0x0000000008008d54                FSMC_IRQHandler
                0x0000000008008d54                TIM1_UP_IRQHandler
                0x0000000008008d54                WWDG_IRQHandler
                0x0000000008008d54                TIM1_BRK_IRQHandler
                0x0000000008008d54                EXTI1_IRQHandler
                0x0000000008008d54                DMA2_Channel4_5_IRQHandler
                0x0000000008008d54                I2C2_ER_IRQHandler
                0x0000000008008d54                DMA1_Channel2_IRQHandler
                0x0000000008008d54                TIM8_BRK_IRQHandler
                0x0000000008008d54                CAN1_SCE_IRQHandler
                0x0000000008008d54                FLASH_IRQHandler
                0x0000000008008d54                USART1_IRQHandler
                0x0000000008008d54                SPI3_IRQHandler
                0x0000000008008d54                I2C1_ER_IRQHandler
                0x0000000008008d54                USBWakeUp_IRQHandler
                0x0000000008008d54                DMA2_Channel3_IRQHandler
 *fill*         0x0000000008008d56        0x2 
 .text.HAL_Init
                0x0000000008008d58       0x2c ./Drivers/STM32F1xx_HAL_Driver/Src/stm32f1xx_hal.o
                0x0000000008008d58                HAL_Init
 .text.HAL_InitTick
                0x0000000008008d84       0x60 ./Drivers/STM32F1xx_HAL_Driver/Src/stm32f1xx_hal.o
                0x0000000008008d84                HAL_InitTick
 .text.HAL_IncTick
                0x0000000008008de4       0x24 ./Drivers/STM32F1xx_HAL_Driver/Src/stm32f1xx_hal.o
                0x0000000008008de4                HAL_IncTick
 .text.HAL_GetTick
                0x0000000008008e08       0x14 ./Drivers/STM32F1xx_HAL_Driver/Src/stm32f1xx_hal.o
                0x0000000008008e08                HAL_GetTick
 .text.HAL_Delay
                0x0000000008008e1c       0x48 ./Drivers/STM32F1xx_HAL_Driver/Src/stm32f1xx_hal.o
                0x0000000008008e1c                HAL_Delay
 .text.__NVIC_SetPriorityGrouping
                0x0000000008008e64       0x48 ./Drivers/STM32F1xx_HAL_Driver/Src/stm32f1xx_hal_cortex.o
 .text.__NVIC_GetPriorityGrouping
                0x0000000008008eac       0x1c ./Drivers/STM32F1xx_HAL_Driver/Src/stm32f1xx_hal_cortex.o
 .text.__NVIC_EnableIRQ
                0x0000000008008ec8       0x38 ./Drivers/STM32F1xx_HAL_Driver/Src/stm32f1xx_hal_cortex.o
 .text.__NVIC_SetPriority
                0x0000000008008f00       0x54 ./Drivers/STM32F1xx_HAL_Driver/Src/stm32f1xx_hal_cortex.o
 .text.NVIC_EncodePriority
                0x0000000008008f54       0x64 ./Drivers/STM32F1xx_HAL_Driver/Src/stm32f1xx_hal_cortex.o
 .text.SysTick_Config
                0x0000000008008fb8       0x44 ./Drivers/STM32F1xx_HAL_Driver/Src/stm32f1xx_hal_cortex.o
 .text.HAL_NVIC_SetPriorityGrouping
                0x0000000008008ffc       0x16 ./Drivers/STM32F1xx_HAL_Driver/Src/stm32f1xx_hal_cortex.o
                0x0000000008008ffc                HAL_NVIC_SetPriorityGrouping
 .text.HAL_NVIC_SetPriority
                0x0000000008009012       0x38 ./Drivers/STM32F1xx_HAL_Driver/Src/stm32f1xx_hal_cortex.o
                0x0000000008009012                HAL_NVIC_SetPriority
 .text.HAL_NVIC_EnableIRQ
                0x000000000800904a       0x1c ./Drivers/STM32F1xx_HAL_Driver/Src/stm32f1xx_hal_cortex.o
                0x000000000800904a                HAL_NVIC_EnableIRQ
 .text.HAL_SYSTICK_Config
                0x0000000008009066       0x18 ./Drivers/STM32F1xx_HAL_Driver/Src/stm32f1xx_hal_cortex.o
                0x0000000008009066                HAL_SYSTICK_Config
 .text.HAL_DMA_Abort
                0x000000000800907e       0x74 ./Drivers/STM32F1xx_HAL_Driver/Src/stm32f1xx_hal_dma.o
                0x000000000800907e                HAL_DMA_Abort
 *fill*         0x00000000080090f2        0x2 
 .text.HAL_DMA_Abort_IT
                0x00000000080090f4      0x210 ./Drivers/STM32F1xx_HAL_Driver/Src/stm32f1xx_hal_dma.o
                0x00000000080090f4                HAL_DMA_Abort_IT
 .text.HAL_GPIO_Init
                0x0000000008009304      0x328 ./Drivers/STM32F1xx_HAL_Driver/Src/stm32f1xx_hal_gpio.o
                0x0000000008009304                HAL_GPIO_Init
 .text.HAL_GPIO_ReadPin
                0x000000000800962c       0x2e ./Drivers/STM32F1xx_HAL_Driver/Src/stm32f1xx_hal_gpio.o
                0x000000000800962c                HAL_GPIO_ReadPin
 .text.HAL_GPIO_WritePin
                0x000000000800965a       0x30 ./Drivers/STM32F1xx_HAL_Driver/Src/stm32f1xx_hal_gpio.o
                0x000000000800965a                HAL_GPIO_WritePin
 *fill*         0x000000000800968a        0x2 
 .text.HAL_GPIO_EXTI_IRQHandler
                0x000000000800968c       0x30 ./Drivers/STM32F1xx_HAL_Driver/Src/stm32f1xx_hal_gpio.o
                0x000000000800968c                HAL_GPIO_EXTI_IRQHandler
 .text.HAL_PWR_EnableBkUpAccess
                0x00000000080096bc       0x18 ./Drivers/STM32F1xx_HAL_Driver/Src/stm32f1xx_hal_pwr.o
                0x00000000080096bc                HAL_PWR_EnableBkUpAccess
 .text.HAL_RCC_OscConfig
                0x00000000080096d4      0x504 ./Drivers/STM32F1xx_HAL_Driver/Src/stm32f1xx_hal_rcc.o
                0x00000000080096d4                HAL_RCC_OscConfig
 .text.HAL_RCC_ClockConfig
                0x0000000008009bd8      0x1d4 ./Drivers/STM32F1xx_HAL_Driver/Src/stm32f1xx_hal_rcc.o
                0x0000000008009bd8                HAL_RCC_ClockConfig
 .text.HAL_RCC_GetSysClockFreq
                0x0000000008009dac       0xbc ./Drivers/STM32F1xx_HAL_Driver/Src/stm32f1xx_hal_rcc.o
                0x0000000008009dac                HAL_RCC_GetSysClockFreq
 .text.HAL_RCC_GetHCLKFreq
                0x0000000008009e68       0x14 ./Drivers/STM32F1xx_HAL_Driver/Src/stm32f1xx_hal_rcc.o
                0x0000000008009e68                HAL_RCC_GetHCLKFreq
 .text.HAL_RCC_GetPCLK1Freq
                0x0000000008009e7c       0x28 ./Drivers/STM32F1xx_HAL_Driver/Src/stm32f1xx_hal_rcc.o
                0x0000000008009e7c                HAL_RCC_GetPCLK1Freq
 .text.HAL_RCC_GetPCLK2Freq
                0x0000000008009ea4       0x28 ./Drivers/STM32F1xx_HAL_Driver/Src/stm32f1xx_hal_rcc.o
                0x0000000008009ea4                HAL_RCC_GetPCLK2Freq
 .text.RCC_Delay
                0x0000000008009ecc       0x3c ./Drivers/STM32F1xx_HAL_Driver/Src/stm32f1xx_hal_rcc.o
 .text.HAL_RCCEx_PeriphCLKConfig
                0x0000000008009f08      0x16c ./Drivers/STM32F1xx_HAL_Driver/Src/stm32f1xx_hal_rcc_ex.o
                0x0000000008009f08                HAL_RCCEx_PeriphCLKConfig
 .text.HAL_RCCEx_GetPeriphCLKFreq
                0x000000000800a074      0x1c8 ./Drivers/STM32F1xx_HAL_Driver/Src/stm32f1xx_hal_rcc_ex.o
                0x000000000800a074                HAL_RCCEx_GetPeriphCLKFreq
 .text.HAL_RTC_Init
                0x000000000800a23c      0x12c ./Drivers/STM32F1xx_HAL_Driver/Src/stm32f1xx_hal_rtc.o
                0x000000000800a23c                HAL_RTC_Init
 .text.HAL_RTC_SetTime
                0x000000000800a368      0x12e ./Drivers/STM32F1xx_HAL_Driver/Src/stm32f1xx_hal_rtc.o
                0x000000000800a368                HAL_RTC_SetTime
 *fill*         0x000000000800a496        0x2 
 .text.HAL_RTC_GetTime
                0x000000000800a498      0x1b0 ./Drivers/STM32F1xx_HAL_Driver/Src/stm32f1xx_hal_rtc.o
                0x000000000800a498                HAL_RTC_GetTime
 .text.HAL_RTC_SetDate
                0x000000000800a648      0x16c ./Drivers/STM32F1xx_HAL_Driver/Src/stm32f1xx_hal_rtc.o
                0x000000000800a648                HAL_RTC_SetDate
 .text.HAL_RTC_GetDate
                0x000000000800a7b4       0xa8 ./Drivers/STM32F1xx_HAL_Driver/Src/stm32f1xx_hal_rtc.o
                0x000000000800a7b4                HAL_RTC_GetDate
 .text.HAL_RTC_WaitForSynchro
                0x000000000800a85c       0x5a ./Drivers/STM32F1xx_HAL_Driver/Src/stm32f1xx_hal_rtc.o
                0x000000000800a85c                HAL_RTC_WaitForSynchro
 .text.RTC_ReadTimeCounter
                0x000000000800a8b6       0x60 ./Drivers/STM32F1xx_HAL_Driver/Src/stm32f1xx_hal_rtc.o
 .text.RTC_WriteTimeCounter
                0x000000000800a916       0x4e ./Drivers/STM32F1xx_HAL_Driver/Src/stm32f1xx_hal_rtc.o
 .text.RTC_ReadAlarmCounter
                0x000000000800a964       0x32 ./Drivers/STM32F1xx_HAL_Driver/Src/stm32f1xx_hal_rtc.o
 .text.RTC_WriteAlarmCounter
                0x000000000800a996       0x4e ./Drivers/STM32F1xx_HAL_Driver/Src/stm32f1xx_hal_rtc.o
 .text.RTC_EnterInitMode
                0x000000000800a9e4       0x50 ./Drivers/STM32F1xx_HAL_Driver/Src/stm32f1xx_hal_rtc.o
 .text.RTC_ExitInitMode
                0x000000000800aa34       0x50 ./Drivers/STM32F1xx_HAL_Driver/Src/stm32f1xx_hal_rtc.o
 .text.RTC_ByteToBcd2
                0x000000000800aa84       0x3a ./Drivers/STM32F1xx_HAL_Driver/Src/stm32f1xx_hal_rtc.o
 .text.RTC_Bcd2ToByte
                0x000000000800aabe       0x3a ./Drivers/STM32F1xx_HAL_Driver/Src/stm32f1xx_hal_rtc.o
 .text.RTC_DateUpdate
                0x000000000800aaf8      0x152 ./Drivers/STM32F1xx_HAL_Driver/Src/stm32f1xx_hal_rtc.o
 *fill*         0x000000000800ac4a        0x2 
 .text.RTC_IsLeapYear
                0x000000000800ac4c       0x64 ./Drivers/STM32F1xx_HAL_Driver/Src/stm32f1xx_hal_rtc.o
 .text.RTC_WeekDayNum
                0x000000000800acb0       0xf0 ./Drivers/STM32F1xx_HAL_Driver/Src/stm32f1xx_hal_rtc.o
 .text.HAL_SPI_Init
                0x000000000800ada0      0x108 ./Drivers/STM32F1xx_HAL_Driver/Src/stm32f1xx_hal_spi.o
                0x000000000800ada0                HAL_SPI_Init
 .text.HAL_SPI_TransmitReceive
                0x000000000800aea8      0x344 ./Drivers/STM32F1xx_HAL_Driver/Src/stm32f1xx_hal_spi.o
                0x000000000800aea8                HAL_SPI_TransmitReceive
 .text.SPI_WaitFlagStateUntilTimeout
                0x000000000800b1ec      0x110 ./Drivers/STM32F1xx_HAL_Driver/Src/stm32f1xx_hal_spi.o
 .text.SPI_EndRxTxTransaction
                0x000000000800b2fc       0x3c ./Drivers/STM32F1xx_HAL_Driver/Src/stm32f1xx_hal_spi.o
 .text.HAL_SRAM_Init
                0x000000000800b338       0x9a ./Drivers/STM32F1xx_HAL_Driver/Src/stm32f1xx_hal_sram.o
                0x000000000800b338                HAL_SRAM_Init
 .text.HAL_TIM_Base_Init
                0x000000000800b3d2       0x9e ./Drivers/STM32F1xx_HAL_Driver/Src/stm32f1xx_hal_tim.o
                0x000000000800b3d2                HAL_TIM_Base_Init
 .text.HAL_TIM_Base_Start
                0x000000000800b470       0xb0 ./Drivers/STM32F1xx_HAL_Driver/Src/stm32f1xx_hal_tim.o
                0x000000000800b470                HAL_TIM_Base_Start
 .text.HAL_TIM_Base_Start_IT
                0x000000000800b520       0xc0 ./Drivers/STM32F1xx_HAL_Driver/Src/stm32f1xx_hal_tim.o
                0x000000000800b520                HAL_TIM_Base_Start_IT
 .text.HAL_TIM_PWM_Init
                0x000000000800b5e0       0x9e ./Drivers/STM32F1xx_HAL_Driver/Src/stm32f1xx_hal_tim.o
                0x000000000800b5e0                HAL_TIM_PWM_Init
 .text.HAL_TIM_PWM_MspInit
                0x000000000800b67e       0x12 ./Drivers/STM32F1xx_HAL_Driver/Src/stm32f1xx_hal_tim.o
                0x000000000800b67e                HAL_TIM_PWM_MspInit
 .text.HAL_TIM_PWM_Start
                0x000000000800b690      0x174 ./Drivers/STM32F1xx_HAL_Driver/Src/stm32f1xx_hal_tim.o
                0x000000000800b690                HAL_TIM_PWM_Start
 .text.HAL_TIM_IRQHandler
                0x000000000800b804      0x210 ./Drivers/STM32F1xx_HAL_Driver/Src/stm32f1xx_hal_tim.o
                0x000000000800b804                HAL_TIM_IRQHandler
 .text.HAL_TIM_PWM_ConfigChannel
                0x000000000800ba14      0x17c ./Drivers/STM32F1xx_HAL_Driver/Src/stm32f1xx_hal_tim.o
                0x000000000800ba14                HAL_TIM_PWM_ConfigChannel
 .text.HAL_TIM_ConfigClockSource
                0x000000000800bb90      0x188 ./Drivers/STM32F1xx_HAL_Driver/Src/stm32f1xx_hal_tim.o
                0x000000000800bb90                HAL_TIM_ConfigClockSource
 .text.HAL_TIM_OC_DelayElapsedCallback
                0x000000000800bd18       0x12 ./Drivers/STM32F1xx_HAL_Driver/Src/stm32f1xx_hal_tim.o
                0x000000000800bd18                HAL_TIM_OC_DelayElapsedCallback
 .text.HAL_TIM_IC_CaptureCallback
                0x000000000800bd2a       0x12 ./Drivers/STM32F1xx_HAL_Driver/Src/stm32f1xx_hal_tim.o
                0x000000000800bd2a                HAL_TIM_IC_CaptureCallback
 .text.HAL_TIM_PWM_PulseFinishedCallback
                0x000000000800bd3c       0x12 ./Drivers/STM32F1xx_HAL_Driver/Src/stm32f1xx_hal_tim.o
                0x000000000800bd3c                HAL_TIM_PWM_PulseFinishedCallback
 .text.HAL_TIM_TriggerCallback
                0x000000000800bd4e       0x12 ./Drivers/STM32F1xx_HAL_Driver/Src/stm32f1xx_hal_tim.o
                0x000000000800bd4e                HAL_TIM_TriggerCallback
 .text.TIM_Base_SetConfig
                0x000000000800bd60       0xf4 ./Drivers/STM32F1xx_HAL_Driver/Src/stm32f1xx_hal_tim.o
                0x000000000800bd60                TIM_Base_SetConfig
 .text.TIM_OC1_SetConfig
                0x000000000800be54       0xe0 ./Drivers/STM32F1xx_HAL_Driver/Src/stm32f1xx_hal_tim.o
 .text.TIM_OC2_SetConfig
                0x000000000800bf34       0xe8 ./Drivers/STM32F1xx_HAL_Driver/Src/stm32f1xx_hal_tim.o
                0x000000000800bf34                TIM_OC2_SetConfig
 .text.TIM_OC3_SetConfig
                0x000000000800c01c       0xe8 ./Drivers/STM32F1xx_HAL_Driver/Src/stm32f1xx_hal_tim.o
 .text.TIM_OC4_SetConfig
                0x000000000800c104       0xa8 ./Drivers/STM32F1xx_HAL_Driver/Src/stm32f1xx_hal_tim.o
 .text.TIM_TI1_ConfigInputStage
                0x000000000800c1ac       0x5c ./Drivers/STM32F1xx_HAL_Driver/Src/stm32f1xx_hal_tim.o
 .text.TIM_TI2_ConfigInputStage
                0x000000000800c208       0x5e ./Drivers/STM32F1xx_HAL_Driver/Src/stm32f1xx_hal_tim.o
 .text.TIM_ITRx_SetConfig
                0x000000000800c266       0x34 ./Drivers/STM32F1xx_HAL_Driver/Src/stm32f1xx_hal_tim.o
 .text.TIM_ETR_SetConfig
                0x000000000800c29a       0x3e ./Drivers/STM32F1xx_HAL_Driver/Src/stm32f1xx_hal_tim.o
                0x000000000800c29a                TIM_ETR_SetConfig
 .text.TIM_CCxChannelCmd
                0x000000000800c2d8       0x48 ./Drivers/STM32F1xx_HAL_Driver/Src/stm32f1xx_hal_tim.o
                0x000000000800c2d8                TIM_CCxChannelCmd
 .text.HAL_TIMEx_MasterConfigSynchronization
                0x000000000800c320       0xd8 ./Drivers/STM32F1xx_HAL_Driver/Src/stm32f1xx_hal_tim_ex.o
                0x000000000800c320                HAL_TIMEx_MasterConfigSynchronization
 .text.HAL_TIMEx_ConfigBreakDeadTime
                0x000000000800c3f8       0xa2 ./Drivers/STM32F1xx_HAL_Driver/Src/stm32f1xx_hal_tim_ex.o
                0x000000000800c3f8                HAL_TIMEx_ConfigBreakDeadTime
 .text.HAL_TIMEx_CommutCallback
                0x000000000800c49a       0x12 ./Drivers/STM32F1xx_HAL_Driver/Src/stm32f1xx_hal_tim_ex.o
                0x000000000800c49a                HAL_TIMEx_CommutCallback
 .text.HAL_TIMEx_BreakCallback
                0x000000000800c4ac       0x12 ./Drivers/STM32F1xx_HAL_Driver/Src/stm32f1xx_hal_tim_ex.o
                0x000000000800c4ac                HAL_TIMEx_BreakCallback
 .text.HAL_UART_Init
                0x000000000800c4be       0x9a ./Drivers/STM32F1xx_HAL_Driver/Src/stm32f1xx_hal_uart.o
                0x000000000800c4be                HAL_UART_Init
 .text.HAL_UART_Transmit
                0x000000000800c558      0x124 ./Drivers/STM32F1xx_HAL_Driver/Src/stm32f1xx_hal_uart.o
                0x000000000800c558                HAL_UART_Transmit
 .text.HAL_UART_Receive_IT
                0x000000000800c67c       0x60 ./Drivers/STM32F1xx_HAL_Driver/Src/stm32f1xx_hal_uart.o
                0x000000000800c67c                HAL_UART_Receive_IT
 .text.HAL_UART_IRQHandler
                0x000000000800c6dc      0x354 ./Drivers/STM32F1xx_HAL_Driver/Src/stm32f1xx_hal_uart.o
                0x000000000800c6dc                HAL_UART_IRQHandler
 .text.HAL_UART_TxCpltCallback
                0x000000000800ca30       0x12 ./Drivers/STM32F1xx_HAL_Driver/Src/stm32f1xx_hal_uart.o
                0x000000000800ca30                HAL_UART_TxCpltCallback
 .text.HAL_UART_ErrorCallback
                0x000000000800ca42       0x12 ./Drivers/STM32F1xx_HAL_Driver/Src/stm32f1xx_hal_uart.o
                0x000000000800ca42                HAL_UART_ErrorCallback
 .text.HAL_UARTEx_RxEventCallback
                0x000000000800ca54       0x16 ./Drivers/STM32F1xx_HAL_Driver/Src/stm32f1xx_hal_uart.o
                0x000000000800ca54                HAL_UARTEx_RxEventCallback
 .text.UART_WaitOnFlagUntilTimeout
                0x000000000800ca6a       0x94 ./Drivers/STM32F1xx_HAL_Driver/Src/stm32f1xx_hal_uart.o
 .text.UART_Start_Receive_IT
                0x000000000800cafe       0x72 ./Drivers/STM32F1xx_HAL_Driver/Src/stm32f1xx_hal_uart.o
                0x000000000800cafe                UART_Start_Receive_IT
 .text.UART_EndRxTransfer
                0x000000000800cb70       0x58 ./Drivers/STM32F1xx_HAL_Driver/Src/stm32f1xx_hal_uart.o
 .text.UART_DMAAbortOnError
                0x000000000800cbc8       0x28 ./Drivers/STM32F1xx_HAL_Driver/Src/stm32f1xx_hal_uart.o
 .text.UART_Transmit_IT
                0x000000000800cbf0       0x9e ./Drivers/STM32F1xx_HAL_Driver/Src/stm32f1xx_hal_uart.o
 .text.UART_EndTransmit_IT
                0x000000000800cc8e       0x30 ./Drivers/STM32F1xx_HAL_Driver/Src/stm32f1xx_hal_uart.o
 .text.UART_Receive_IT
                0x000000000800ccbe      0x152 ./Drivers/STM32F1xx_HAL_Driver/Src/stm32f1xx_hal_uart.o
 .text.UART_SetConfig
                0x000000000800ce10      0x11c ./Drivers/STM32F1xx_HAL_Driver/Src/stm32f1xx_hal_uart.o
 .text.FSMC_NORSRAM_Init
                0x000000000800cf2c       0xd4 ./Drivers/STM32F1xx_HAL_Driver/Src/stm32f1xx_ll_fsmc.o
                0x000000000800cf2c                FSMC_NORSRAM_Init
 .text.FSMC_NORSRAM_Timing_Init
                0x000000000800d000       0x68 ./Drivers/STM32F1xx_HAL_Driver/Src/stm32f1xx_ll_fsmc.o
                0x000000000800d000                FSMC_NORSRAM_Timing_Init
 .text.FSMC_NORSRAM_Extended_Timing_Init
                0x000000000800d068       0x70 ./Drivers/STM32F1xx_HAL_Driver/Src/stm32f1xx_ll_fsmc.o
                0x000000000800d068                FSMC_NORSRAM_Extended_Timing_Init
 .text.__errno  0x000000000800d0d8        0xc d:/stem32/stm32cubeide_1.9.0/stm32cubeide/plugins/com.st.stm32cube.ide.mcu.externaltools.gnu-tools-for-stm32.10.3-2021.10.win32_1.0.0.202111181127/tools/bin/../lib/gcc/arm-none-eabi/10.3.1/../../../../arm-none-eabi/lib/thumb/v7-m/nofp\libc_nano.a(lib_a-errno.o)
                0x000000000800d0d8                __errno
 .text.__libc_init_array
                0x000000000800d0e4       0x48 d:/stem32/stm32cubeide_1.9.0/stm32cubeide/plugins/com.st.stm32cube.ide.mcu.externaltools.gnu-tools-for-stm32.10.3-2021.10.win32_1.0.0.202111181127/tools/bin/../lib/gcc/arm-none-eabi/10.3.1/../../../../arm-none-eabi/lib/thumb/v7-m/nofp\libc_nano.a(lib_a-init.o)
                0x000000000800d0e4                __libc_init_array
 .text.free     0x000000000800d12c       0x10 d:/stem32/stm32cubeide_1.9.0/stm32cubeide/plugins/com.st.stm32cube.ide.mcu.externaltools.gnu-tools-for-stm32.10.3-2021.10.win32_1.0.0.202111181127/tools/bin/../lib/gcc/arm-none-eabi/10.3.1/../../../../arm-none-eabi/lib/thumb/v7-m/nofp\libc_nano.a(lib_a-malloc.o)
                0x000000000800d12c                free
 .text.memcpy   0x000000000800d13c       0x1c d:/stem32/stm32cubeide_1.9.0/stm32cubeide/plugins/com.st.stm32cube.ide.mcu.externaltools.gnu-tools-for-stm32.10.3-2021.10.win32_1.0.0.202111181127/tools/bin/../lib/gcc/arm-none-eabi/10.3.1/../../../../arm-none-eabi/lib/thumb/v7-m/nofp\libc_nano.a(lib_a-memcpy-stub.o)
                0x000000000800d13c                memcpy
 .text.memset   0x000000000800d158       0x10 d:/stem32/stm32cubeide_1.9.0/stm32cubeide/plugins/com.st.stm32cube.ide.mcu.externaltools.gnu-tools-for-stm32.10.3-2021.10.win32_1.0.0.202111181127/tools/bin/../lib/gcc/arm-none-eabi/10.3.1/../../../../arm-none-eabi/lib/thumb/v7-m/nofp\libc_nano.a(lib_a-memset.o)
                0x000000000800d158                memset
 .text._free_r  0x000000000800d168       0x90 d:/stem32/stm32cubeide_1.9.0/stm32cubeide/plugins/com.st.stm32cube.ide.mcu.externaltools.gnu-tools-for-stm32.10.3-2021.10.win32_1.0.0.202111181127/tools/bin/../lib/gcc/arm-none-eabi/10.3.1/../../../../arm-none-eabi/lib/thumb/v7-m/nofp\libc_nano.a(lib_a-nano-freer.o)
                0x000000000800d168                _free_r
 .text.sbrk_aligned
                0x000000000800d1f8       0x40 d:/stem32/stm32cubeide_1.9.0/stm32cubeide/plugins/com.st.stm32cube.ide.mcu.externaltools.gnu-tools-for-stm32.10.3-2021.10.win32_1.0.0.202111181127/tools/bin/../lib/gcc/arm-none-eabi/10.3.1/../../../../arm-none-eabi/lib/thumb/v7-m/nofp\libc_nano.a(lib_a-nano-mallocr.o)
 .text._malloc_r
                0x000000000800d238       0xe8 d:/stem32/stm32cubeide_1.9.0/stm32cubeide/plugins/com.st.stm32cube.ide.mcu.externaltools.gnu-tools-for-stm32.10.3-2021.10.win32_1.0.0.202111181127/tools/bin/../lib/gcc/arm-none-eabi/10.3.1/../../../../arm-none-eabi/lib/thumb/v7-m/nofp\libc_nano.a(lib_a-nano-mallocr.o)
                0x000000000800d238                _malloc_r
 .text.printf   0x000000000800d320       0x30 d:/stem32/stm32cubeide_1.9.0/stm32cubeide/plugins/com.st.stm32cube.ide.mcu.externaltools.gnu-tools-for-stm32.10.3-2021.10.win32_1.0.0.202111181127/tools/bin/../lib/gcc/arm-none-eabi/10.3.1/../../../../arm-none-eabi/lib/thumb/v7-m/nofp\libc_nano.a(lib_a-printf.o)
                0x000000000800d320                iprintf
                0x000000000800d320                printf
 .text.putchar  0x000000000800d350       0x28 d:/stem32/stm32cubeide_1.9.0/stm32cubeide/plugins/com.st.stm32cube.ide.mcu.externaltools.gnu-tools-for-stm32.10.3-2021.10.win32_1.0.0.202111181127/tools/bin/../lib/gcc/arm-none-eabi/10.3.1/../../../../arm-none-eabi/lib/thumb/v7-m/nofp\libc_nano.a(lib_a-putchar.o)
                0x000000000800d350                putchar
 .text._puts_r  0x000000000800d378       0xdc d:/stem32/stm32cubeide_1.9.0/stm32cubeide/plugins/com.st.stm32cube.ide.mcu.externaltools.gnu-tools-for-stm32.10.3-2021.10.win32_1.0.0.202111181127/tools/bin/../lib/gcc/arm-none-eabi/10.3.1/../../../../arm-none-eabi/lib/thumb/v7-m/nofp\libc_nano.a(lib_a-puts.o)
                0x000000000800d378                _puts_r
 .text.puts     0x000000000800d454       0x10 d:/stem32/stm32cubeide_1.9.0/stm32cubeide/plugins/com.st.stm32cube.ide.mcu.externaltools.gnu-tools-for-stm32.10.3-2021.10.win32_1.0.0.202111181127/tools/bin/../lib/gcc/arm-none-eabi/10.3.1/../../../../arm-none-eabi/lib/thumb/v7-m/nofp\libc_nano.a(lib_a-puts.o)
                0x000000000800d454                puts
 .text._sbrk_r  0x000000000800d464       0x20 d:/stem32/stm32cubeide_1.9.0/stm32cubeide/plugins/com.st.stm32cube.ide.mcu.externaltools.gnu-tools-for-stm32.10.3-2021.10.win32_1.0.0.202111181127/tools/bin/../lib/gcc/arm-none-eabi/10.3.1/../../../../arm-none-eabi/lib/thumb/v7-m/nofp\libc_nano.a(lib_a-sbrkr.o)
                0x000000000800d464                _sbrk_r
 .text.sprintf  0x000000000800d484       0x40 d:/stem32/stm32cubeide_1.9.0/stm32cubeide/plugins/com.st.stm32cube.ide.mcu.externaltools.gnu-tools-for-stm32.10.3-2021.10.win32_1.0.0.202111181127/tools/bin/../lib/gcc/arm-none-eabi/10.3.1/../../../../arm-none-eabi/lib/thumb/v7-m/nofp\libc_nano.a(lib_a-sprintf.o)
                0x000000000800d484                siprintf
                0x000000000800d484                sprintf
 .text.strcat   0x000000000800d4c4       0x1e d:/stem32/stm32cubeide_1.9.0/stm32cubeide/plugins/com.st.stm32cube.ide.mcu.externaltools.gnu-tools-for-stm32.10.3-2021.10.win32_1.0.0.202111181127/tools/bin/../lib/gcc/arm-none-eabi/10.3.1/../../../../arm-none-eabi/lib/thumb/v7-m/nofp\libc_nano.a(lib_a-strcat.o)
                0x000000000800d4c4                strcat
 *fill*         0x000000000800d4e2        0x2 
 .text.strdup   0x000000000800d4e4       0x10 d:/stem32/stm32cubeide_1.9.0/stm32cubeide/plugins/com.st.stm32cube.ide.mcu.externaltools.gnu-tools-for-stm32.10.3-2021.10.win32_1.0.0.202111181127/tools/bin/../lib/gcc/arm-none-eabi/10.3.1/../../../../arm-none-eabi/lib/thumb/v7-m/nofp\libc_nano.a(lib_a-strdup.o)
                0x000000000800d4e4                strdup
 .text._strdup_r
                0x000000000800d4f4       0x26 d:/stem32/stm32cubeide_1.9.0/stm32cubeide/plugins/com.st.stm32cube.ide.mcu.externaltools.gnu-tools-for-stm32.10.3-2021.10.win32_1.0.0.202111181127/tools/bin/../lib/gcc/arm-none-eabi/10.3.1/../../../../arm-none-eabi/lib/thumb/v7-m/nofp\libc_nano.a(lib_a-strdup_r.o)
                0x000000000800d4f4                _strdup_r
 .text.strstr   0x000000000800d51a       0x2c d:/stem32/stm32cubeide_1.9.0/stm32cubeide/plugins/com.st.stm32cube.ide.mcu.externaltools.gnu-tools-for-stm32.10.3-2021.10.win32_1.0.0.202111181127/tools/bin/../lib/gcc/arm-none-eabi/10.3.1/../../../../arm-none-eabi/lib/thumb/v7-m/nofp\libc_nano.a(lib_a-strstr.o)
                0x000000000800d51a                strstr
 *fill*         0x000000000800d546        0x2 
 .text.__swbuf_r
                0x000000000800d548       0xa4 d:/stem32/stm32cubeide_1.9.0/stm32cubeide/plugins/com.st.stm32cube.ide.mcu.externaltools.gnu-tools-for-stm32.10.3-2021.10.win32_1.0.0.202111181127/tools/bin/../lib/gcc/arm-none-eabi/10.3.1/../../../../arm-none-eabi/lib/thumb/v7-m/nofp\libc_nano.a(lib_a-wbuf.o)
                0x000000000800d548                __swbuf_r
 .text.__swsetup_r
                0x000000000800d5ec       0xdc d:/stem32/stm32cubeide_1.9.0/stm32cubeide/plugins/com.st.stm32cube.ide.mcu.externaltools.gnu-tools-for-stm32.10.3-2021.10.win32_1.0.0.202111181127/tools/bin/../lib/gcc/arm-none-eabi/10.3.1/../../../../arm-none-eabi/lib/thumb/v7-m/nofp\libc_nano.a(lib_a-wsetup.o)
                0x000000000800d5ec                __swsetup_r
 .text.__sflush_r
                0x000000000800d6c8      0x104 d:/stem32/stm32cubeide_1.9.0/stm32cubeide/plugins/com.st.stm32cube.ide.mcu.externaltools.gnu-tools-for-stm32.10.3-2021.10.win32_1.0.0.202111181127/tools/bin/../lib/gcc/arm-none-eabi/10.3.1/../../../../arm-none-eabi/lib/thumb/v7-m/nofp\libc_nano.a(lib_a-fflush.o)
                0x000000000800d6c8                __sflush_r
 .text._fflush_r
                0x000000000800d7cc       0x78 d:/stem32/stm32cubeide_1.9.0/stm32cubeide/plugins/com.st.stm32cube.ide.mcu.externaltools.gnu-tools-for-stm32.10.3-2021.10.win32_1.0.0.202111181127/tools/bin/../lib/gcc/arm-none-eabi/10.3.1/../../../../arm-none-eabi/lib/thumb/v7-m/nofp\libc_nano.a(lib_a-fflush.o)
                0x000000000800d7cc                _fflush_r
 .text.std      0x000000000800d844       0x48 d:/stem32/stm32cubeide_1.9.0/stm32cubeide/plugins/com.st.stm32cube.ide.mcu.externaltools.gnu-tools-for-stm32.10.3-2021.10.win32_1.0.0.202111181127/tools/bin/../lib/gcc/arm-none-eabi/10.3.1/../../../../arm-none-eabi/lib/thumb/v7-m/nofp\libc_nano.a(lib_a-findfp.o)
 .text._cleanup_r
                0x000000000800d88c        0xc d:/stem32/stm32cubeide_1.9.0/stm32cubeide/plugins/com.st.stm32cube.ide.mcu.externaltools.gnu-tools-for-stm32.10.3-2021.10.win32_1.0.0.202111181127/tools/bin/../lib/gcc/arm-none-eabi/10.3.1/../../../../arm-none-eabi/lib/thumb/v7-m/nofp\libc_nano.a(lib_a-findfp.o)
                0x000000000800d88c                _cleanup_r
 .text.__sfmoreglue
                0x000000000800d898       0x2c d:/stem32/stm32cubeide_1.9.0/stm32cubeide/plugins/com.st.stm32cube.ide.mcu.externaltools.gnu-tools-for-stm32.10.3-2021.10.win32_1.0.0.202111181127/tools/bin/../lib/gcc/arm-none-eabi/10.3.1/../../../../arm-none-eabi/lib/thumb/v7-m/nofp\libc_nano.a(lib_a-findfp.o)
                0x000000000800d898                __sfmoreglue
 .text.__sfp_lock_acquire
                0x000000000800d8c4        0xc d:/stem32/stm32cubeide_1.9.0/stm32cubeide/plugins/com.st.stm32cube.ide.mcu.externaltools.gnu-tools-for-stm32.10.3-2021.10.win32_1.0.0.202111181127/tools/bin/../lib/gcc/arm-none-eabi/10.3.1/../../../../arm-none-eabi/lib/thumb/v7-m/nofp\libc_nano.a(lib_a-findfp.o)
                0x000000000800d8c4                __sfp_lock_acquire
 .text.__sfp_lock_release
                0x000000000800d8d0        0xc d:/stem32/stm32cubeide_1.9.0/stm32cubeide/plugins/com.st.stm32cube.ide.mcu.externaltools.gnu-tools-for-stm32.10.3-2021.10.win32_1.0.0.202111181127/tools/bin/../lib/gcc/arm-none-eabi/10.3.1/../../../../arm-none-eabi/lib/thumb/v7-m/nofp\libc_nano.a(lib_a-findfp.o)
                0x000000000800d8d0                __sfp_lock_release
 .text.__sinit_lock_acquire
                0x000000000800d8dc        0xc d:/stem32/stm32cubeide_1.9.0/stm32cubeide/plugins/com.st.stm32cube.ide.mcu.externaltools.gnu-tools-for-stm32.10.3-2021.10.win32_1.0.0.202111181127/tools/bin/../lib/gcc/arm-none-eabi/10.3.1/../../../../arm-none-eabi/lib/thumb/v7-m/nofp\libc_nano.a(lib_a-findfp.o)
                0x000000000800d8dc                __sinit_lock_acquire
 .text.__sinit_lock_release
                0x000000000800d8e8        0xc d:/stem32/stm32cubeide_1.9.0/stm32cubeide/plugins/com.st.stm32cube.ide.mcu.externaltools.gnu-tools-for-stm32.10.3-2021.10.win32_1.0.0.202111181127/tools/bin/../lib/gcc/arm-none-eabi/10.3.1/../../../../arm-none-eabi/lib/thumb/v7-m/nofp\libc_nano.a(lib_a-findfp.o)
                0x000000000800d8e8                __sinit_lock_release
 .text.__sinit  0x000000000800d8f4       0x70 d:/stem32/stm32cubeide_1.9.0/stm32cubeide/plugins/com.st.stm32cube.ide.mcu.externaltools.gnu-tools-for-stm32.10.3-2021.10.win32_1.0.0.202111181127/tools/bin/../lib/gcc/arm-none-eabi/10.3.1/../../../../arm-none-eabi/lib/thumb/v7-m/nofp\libc_nano.a(lib_a-findfp.o)
                0x000000000800d8f4                __sinit
 .text.__sfp    0x000000000800d964       0x8c d:/stem32/stm32cubeide_1.9.0/stm32cubeide/plugins/com.st.stm32cube.ide.mcu.externaltools.gnu-tools-for-stm32.10.3-2021.10.win32_1.0.0.202111181127/tools/bin/../lib/gcc/arm-none-eabi/10.3.1/../../../../arm-none-eabi/lib/thumb/v7-m/nofp\libc_nano.a(lib_a-findfp.o)
                0x000000000800d964                __sfp
 .text._fwalk_reent
                0x000000000800d9f0       0x3e d:/stem32/stm32cubeide_1.9.0/stm32cubeide/plugins/com.st.stm32cube.ide.mcu.externaltools.gnu-tools-for-stm32.10.3-2021.10.win32_1.0.0.202111181127/tools/bin/../lib/gcc/arm-none-eabi/10.3.1/../../../../arm-none-eabi/lib/thumb/v7-m/nofp\libc_nano.a(lib_a-fwalk.o)
                0x000000000800d9f0                _fwalk_reent
 .text.__retarget_lock_init_recursive
                0x000000000800da2e        0x2 d:/stem32/stm32cubeide_1.9.0/stm32cubeide/plugins/com.st.stm32cube.ide.mcu.externaltools.gnu-tools-for-stm32.10.3-2021.10.win32_1.0.0.202111181127/tools/bin/../lib/gcc/arm-none-eabi/10.3.1/../../../../arm-none-eabi/lib/thumb/v7-m/nofp\libc_nano.a(lib_a-lock.o)
                0x000000000800da2e                __retarget_lock_init_recursive
 .text.__retarget_lock_acquire_recursive
                0x000000000800da30        0x2 d:/stem32/stm32cubeide_1.9.0/stm32cubeide/plugins/com.st.stm32cube.ide.mcu.externaltools.gnu-tools-for-stm32.10.3-2021.10.win32_1.0.0.202111181127/tools/bin/../lib/gcc/arm-none-eabi/10.3.1/../../../../arm-none-eabi/lib/thumb/v7-m/nofp\libc_nano.a(lib_a-lock.o)
                0x000000000800da30                __retarget_lock_acquire_recursive
 .text.__retarget_lock_release_recursive
                0x000000000800da32        0x2 d:/stem32/stm32cubeide_1.9.0/stm32cubeide/plugins/com.st.stm32cube.ide.mcu.externaltools.gnu-tools-for-stm32.10.3-2021.10.win32_1.0.0.202111181127/tools/bin/../lib/gcc/arm-none-eabi/10.3.1/../../../../arm-none-eabi/lib/thumb/v7-m/nofp\libc_nano.a(lib_a-lock.o)
                0x000000000800da32                __retarget_lock_release_recursive
 .text.__swhatbuf_r
                0x000000000800da34       0x4a d:/stem32/stm32cubeide_1.9.0/stm32cubeide/plugins/com.st.stm32cube.ide.mcu.externaltools.gnu-tools-for-stm32.10.3-2021.10.win32_1.0.0.202111181127/tools/bin/../lib/gcc/arm-none-eabi/10.3.1/../../../../arm-none-eabi/lib/thumb/v7-m/nofp\libc_nano.a(lib_a-makebuf.o)
                0x000000000800da34                __swhatbuf_r
 *fill*         0x000000000800da7e        0x2 
 .text.__smakebuf_r
                0x000000000800da80       0x80 d:/stem32/stm32cubeide_1.9.0/stm32cubeide/plugins/com.st.stm32cube.ide.mcu.externaltools.gnu-tools-for-stm32.10.3-2021.10.win32_1.0.0.202111181127/tools/bin/../lib/gcc/arm-none-eabi/10.3.1/../../../../arm-none-eabi/lib/thumb/v7-m/nofp\libc_nano.a(lib_a-makebuf.o)
                0x000000000800da80                __smakebuf_r
 .text.__malloc_lock
                0x000000000800db00        0xc d:/stem32/stm32cubeide_1.9.0/stm32cubeide/plugins/com.st.stm32cube.ide.mcu.externaltools.gnu-tools-for-stm32.10.3-2021.10.win32_1.0.0.202111181127/tools/bin/../lib/gcc/arm-none-eabi/10.3.1/../../../../arm-none-eabi/lib/thumb/v7-m/nofp\libc_nano.a(lib_a-mlock.o)
                0x000000000800db00                __malloc_lock
 .text.__malloc_unlock
                0x000000000800db0c        0xc d:/stem32/stm32cubeide_1.9.0/stm32cubeide/plugins/com.st.stm32cube.ide.mcu.externaltools.gnu-tools-for-stm32.10.3-2021.10.win32_1.0.0.202111181127/tools/bin/../lib/gcc/arm-none-eabi/10.3.1/../../../../arm-none-eabi/lib/thumb/v7-m/nofp\libc_nano.a(lib_a-mlock.o)
                0x000000000800db0c                __malloc_unlock
 .text.__ssputs_r
                0x000000000800db18       0xb6 d:/stem32/stm32cubeide_1.9.0/stm32cubeide/plugins/com.st.stm32cube.ide.mcu.externaltools.gnu-tools-for-stm32.10.3-2021.10.win32_1.0.0.202111181127/tools/bin/../lib/gcc/arm-none-eabi/10.3.1/../../../../arm-none-eabi/lib/thumb/v7-m/nofp\libc_nano.a(lib_a-nano-svfprintf.o)
                0x000000000800db18                __ssputs_r
 *fill*         0x000000000800dbce        0x2 
 .text._svfprintf_r
                0x000000000800dbd0      0x200 d:/stem32/stm32cubeide_1.9.0/stm32cubeide/plugins/com.st.stm32cube.ide.mcu.externaltools.gnu-tools-for-stm32.10.3-2021.10.win32_1.0.0.202111181127/tools/bin/../lib/gcc/arm-none-eabi/10.3.1/../../../../arm-none-eabi/lib/thumb/v7-m/nofp\libc_nano.a(lib_a-nano-svfprintf.o)
                0x000000000800dbd0                _svfiprintf_r
                0x000000000800dbd0                _svfprintf_r
 .text.__sfputc_r
                0x000000000800ddd0       0x2a d:/stem32/stm32cubeide_1.9.0/stm32cubeide/plugins/com.st.stm32cube.ide.mcu.externaltools.gnu-tools-for-stm32.10.3-2021.10.win32_1.0.0.202111181127/tools/bin/../lib/gcc/arm-none-eabi/10.3.1/../../../../arm-none-eabi/lib/thumb/v7-m/nofp\libc_nano.a(lib_a-nano-vfprintf.o)
 .text.__sfputs_r
                0x000000000800ddfa       0x24 d:/stem32/stm32cubeide_1.9.0/stm32cubeide/plugins/com.st.stm32cube.ide.mcu.externaltools.gnu-tools-for-stm32.10.3-2021.10.win32_1.0.0.202111181127/tools/bin/../lib/gcc/arm-none-eabi/10.3.1/../../../../arm-none-eabi/lib/thumb/v7-m/nofp\libc_nano.a(lib_a-nano-vfprintf.o)
                0x000000000800ddfa                __sfputs_r
 *fill*         0x000000000800de1e        0x2 
 .text._vfprintf_r
                0x000000000800de20      0x260 d:/stem32/stm32cubeide_1.9.0/stm32cubeide/plugins/com.st.stm32cube.ide.mcu.externaltools.gnu-tools-for-stm32.10.3-2021.10.win32_1.0.0.202111181127/tools/bin/../lib/gcc/arm-none-eabi/10.3.1/../../../../arm-none-eabi/lib/thumb/v7-m/nofp\libc_nano.a(lib_a-nano-vfprintf.o)
                0x000000000800de20                _vfprintf_r
                0x000000000800de20                _vfiprintf_r
 .text._printf_common
                0x000000000800e080       0xde d:/stem32/stm32cubeide_1.9.0/stm32cubeide/plugins/com.st.stm32cube.ide.mcu.externaltools.gnu-tools-for-stm32.10.3-2021.10.win32_1.0.0.202111181127/tools/bin/../lib/gcc/arm-none-eabi/10.3.1/../../../../arm-none-eabi/lib/thumb/v7-m/nofp\libc_nano.a(lib_a-nano-vfprintf_i.o)
                0x000000000800e080                _printf_common
 *fill*         0x000000000800e15e        0x2 
 .text._printf_i
                0x000000000800e160      0x24c d:/stem32/stm32cubeide_1.9.0/stm32cubeide/plugins/com.st.stm32cube.ide.mcu.externaltools.gnu-tools-for-stm32.10.3-2021.10.win32_1.0.0.202111181127/tools/bin/../lib/gcc/arm-none-eabi/10.3.1/../../../../arm-none-eabi/lib/thumb/v7-m/nofp\libc_nano.a(lib_a-nano-vfprintf_i.o)
                0x000000000800e160                _printf_i
 .text._putc_r  0x000000000800e3ac       0x90 d:/stem32/stm32cubeide_1.9.0/stm32cubeide/plugins/com.st.stm32cube.ide.mcu.externaltools.gnu-tools-for-stm32.10.3-2021.10.win32_1.0.0.202111181127/tools/bin/../lib/gcc/arm-none-eabi/10.3.1/../../../../arm-none-eabi/lib/thumb/v7-m/nofp\libc_nano.a(lib_a-putc.o)
                0x000000000800e3ac                _putc_r
 .text.__sread  0x000000000800e43c       0x22 d:/stem32/stm32cubeide_1.9.0/stm32cubeide/plugins/com.st.stm32cube.ide.mcu.externaltools.gnu-tools-for-stm32.10.3-2021.10.win32_1.0.0.202111181127/tools/bin/../lib/gcc/arm-none-eabi/10.3.1/../../../../arm-none-eabi/lib/thumb/v7-m/nofp\libc_nano.a(lib_a-stdio.o)
                0x000000000800e43c                __sread
 .text.__swrite
                0x000000000800e45e       0x38 d:/stem32/stm32cubeide_1.9.0/stm32cubeide/plugins/com.st.stm32cube.ide.mcu.externaltools.gnu-tools-for-stm32.10.3-2021.10.win32_1.0.0.202111181127/tools/bin/../lib/gcc/arm-none-eabi/10.3.1/../../../../arm-none-eabi/lib/thumb/v7-m/nofp\libc_nano.a(lib_a-stdio.o)
                0x000000000800e45e                __swrite
 .text.__sseek  0x000000000800e496       0x24 d:/stem32/stm32cubeide_1.9.0/stm32cubeide/plugins/com.st.stm32cube.ide.mcu.externaltools.gnu-tools-for-stm32.10.3-2021.10.win32_1.0.0.202111181127/tools/bin/../lib/gcc/arm-none-eabi/10.3.1/../../../../arm-none-eabi/lib/thumb/v7-m/nofp\libc_nano.a(lib_a-stdio.o)
                0x000000000800e496                __sseek
 .text.__sclose
                0x000000000800e4ba        0x8 d:/stem32/stm32cubeide_1.9.0/stm32cubeide/plugins/com.st.stm32cube.ide.mcu.externaltools.gnu-tools-for-stm32.10.3-2021.10.win32_1.0.0.202111181127/tools/bin/../lib/gcc/arm-none-eabi/10.3.1/../../../../arm-none-eabi/lib/thumb/v7-m/nofp\libc_nano.a(lib_a-stdio.o)
                0x000000000800e4ba                __sclose
 *fill*         0x000000000800e4c2        0x2 
 .text._write_r
                0x000000000800e4c4       0x24 d:/stem32/stm32cubeide_1.9.0/stm32cubeide/plugins/com.st.stm32cube.ide.mcu.externaltools.gnu-tools-for-stm32.10.3-2021.10.win32_1.0.0.202111181127/tools/bin/../lib/gcc/arm-none-eabi/10.3.1/../../../../arm-none-eabi/lib/thumb/v7-m/nofp\libc_nano.a(lib_a-writer.o)
                0x000000000800e4c4                _write_r
 .text._close_r
                0x000000000800e4e8       0x20 d:/stem32/stm32cubeide_1.9.0/stm32cubeide/plugins/com.st.stm32cube.ide.mcu.externaltools.gnu-tools-for-stm32.10.3-2021.10.win32_1.0.0.202111181127/tools/bin/../lib/gcc/arm-none-eabi/10.3.1/../../../../arm-none-eabi/lib/thumb/v7-m/nofp\libc_nano.a(lib_a-closer.o)
                0x000000000800e4e8                _close_r
 .text._fstat_r
                0x000000000800e508       0x24 d:/stem32/stm32cubeide_1.9.0/stm32cubeide/plugins/com.st.stm32cube.ide.mcu.externaltools.gnu-tools-for-stm32.10.3-2021.10.win32_1.0.0.202111181127/tools/bin/../lib/gcc/arm-none-eabi/10.3.1/../../../../arm-none-eabi/lib/thumb/v7-m/nofp\libc_nano.a(lib_a-fstatr.o)
                0x000000000800e508                _fstat_r
 .text._isatty_r
                0x000000000800e52c       0x20 d:/stem32/stm32cubeide_1.9.0/stm32cubeide/plugins/com.st.stm32cube.ide.mcu.externaltools.gnu-tools-for-stm32.10.3-2021.10.win32_1.0.0.202111181127/tools/bin/../lib/gcc/arm-none-eabi/10.3.1/../../../../arm-none-eabi/lib/thumb/v7-m/nofp\libc_nano.a(lib_a-isattyr.o)
                0x000000000800e52c                _isatty_r
 .text._lseek_r
                0x000000000800e54c       0x24 d:/stem32/stm32cubeide_1.9.0/stm32cubeide/plugins/com.st.stm32cube.ide.mcu.externaltools.gnu-tools-for-stm32.10.3-2021.10.win32_1.0.0.202111181127/tools/bin/../lib/gcc/arm-none-eabi/10.3.1/../../../../arm-none-eabi/lib/thumb/v7-m/nofp\libc_nano.a(lib_a-lseekr.o)
                0x000000000800e54c                _lseek_r
 .text.memchr   0x000000000800e570       0x1c d:/stem32/stm32cubeide_1.9.0/stm32cubeide/plugins/com.st.stm32cube.ide.mcu.externaltools.gnu-tools-for-stm32.10.3-2021.10.win32_1.0.0.202111181127/tools/bin/../lib/gcc/arm-none-eabi/10.3.1/../../../../arm-none-eabi/lib/thumb/v7-m/nofp\libc_nano.a(lib_a-memchr-stub.o)
                0x000000000800e570                memchr
 .text.memmove  0x000000000800e58c       0x34 d:/stem32/stm32cubeide_1.9.0/stm32cubeide/plugins/com.st.stm32cube.ide.mcu.externaltools.gnu-tools-for-stm32.10.3-2021.10.win32_1.0.0.202111181127/tools/bin/../lib/gcc/arm-none-eabi/10.3.1/../../../../arm-none-eabi/lib/thumb/v7-m/nofp\libc_nano.a(lib_a-memmove.o)
                0x000000000800e58c                memmove
 .text._realloc_r
                0x000000000800e5c0       0x5e d:/stem32/stm32cubeide_1.9.0/stm32cubeide/plugins/com.st.stm32cube.ide.mcu.externaltools.gnu-tools-for-stm32.10.3-2021.10.win32_1.0.0.202111181127/tools/bin/../lib/gcc/arm-none-eabi/10.3.1/../../../../arm-none-eabi/lib/thumb/v7-m/nofp\libc_nano.a(lib_a-nano-reallocr.o)
                0x000000000800e5c0                _realloc_r
 *fill*         0x000000000800e61e        0x2 
 .text._read_r  0x000000000800e620       0x24 d:/stem32/stm32cubeide_1.9.0/stm32cubeide/plugins/com.st.stm32cube.ide.mcu.externaltools.gnu-tools-for-stm32.10.3-2021.10.win32_1.0.0.202111181127/tools/bin/../lib/gcc/arm-none-eabi/10.3.1/../../../../arm-none-eabi/lib/thumb/v7-m/nofp\libc_nano.a(lib_a-readr.o)
                0x000000000800e620                _read_r
 .text._malloc_usable_size_r
                0x000000000800e644       0x10 d:/stem32/stm32cubeide_1.9.0/stm32cubeide/plugins/com.st.stm32cube.ide.mcu.externaltools.gnu-tools-for-stm32.10.3-2021.10.win32_1.0.0.202111181127/tools/bin/../lib/gcc/arm-none-eabi/10.3.1/../../../../arm-none-eabi/lib/thumb/v7-m/nofp\libc_nano.a(lib_a-nano-msizer.o)
                0x000000000800e644                _malloc_usable_size_r
 *(.glue_7)
 .glue_7        0x000000000800e654        0x0 linker stubs
 *(.glue_7t)
 .glue_7t       0x000000000800e654        0x0 linker stubs
 *(.eh_frame)
 .eh_frame      0x000000000800e654        0x0 d:/stem32/stm32cubeide_1.9.0/stm32cubeide/plugins/com.st.stm32cube.ide.mcu.externaltools.gnu-tools-for-stm32.10.3-2021.10.win32_1.0.0.202111181127/tools/bin/../lib/gcc/arm-none-eabi/10.3.1/thumb/v7-m/nofp/crtbegin.o
 *(.init)
 .init          0x000000000800e654        0x4 d:/stem32/stm32cubeide_1.9.0/stm32cubeide/plugins/com.st.stm32cube.ide.mcu.externaltools.gnu-tools-for-stm32.10.3-2021.10.win32_1.0.0.202111181127/tools/bin/../lib/gcc/arm-none-eabi/10.3.1/thumb/v7-m/nofp/crti.o
                0x000000000800e654                _init
 .init          0x000000000800e658        0x8 d:/stem32/stm32cubeide_1.9.0/stm32cubeide/plugins/com.st.stm32cube.ide.mcu.externaltools.gnu-tools-for-stm32.10.3-2021.10.win32_1.0.0.202111181127/tools/bin/../lib/gcc/arm-none-eabi/10.3.1/thumb/v7-m/nofp/crtn.o
 *(.fini)
 .fini          0x000000000800e660        0x4 d:/stem32/stm32cubeide_1.9.0/stm32cubeide/plugins/com.st.stm32cube.ide.mcu.externaltools.gnu-tools-for-stm32.10.3-2021.10.win32_1.0.0.202111181127/tools/bin/../lib/gcc/arm-none-eabi/10.3.1/thumb/v7-m/nofp/crti.o
                0x000000000800e660                _fini
 .fini          0x000000000800e664        0x8 d:/stem32/stm32cubeide_1.9.0/stm32cubeide/plugins/com.st.stm32cube.ide.mcu.externaltools.gnu-tools-for-stm32.10.3-2021.10.win32_1.0.0.202111181127/tools/bin/../lib/gcc/arm-none-eabi/10.3.1/thumb/v7-m/nofp/crtn.o
                0x000000000800e66c                . = ALIGN (0x4)
                0x000000000800e66c                _etext = .

.vfp11_veneer   0x000000000800e66c        0x0
 .vfp11_veneer  0x000000000800e66c        0x0 linker stubs

.v4_bx          0x000000000800e66c        0x0
 .v4_bx         0x000000000800e66c        0x0 linker stubs

.iplt           0x000000000800e66c        0x0
 .iplt          0x000000000800e66c        0x0 d:/stem32/stm32cubeide_1.9.0/stm32cubeide/plugins/com.st.stm32cube.ide.mcu.externaltools.gnu-tools-for-stm32.10.3-2021.10.win32_1.0.0.202111181127/tools/bin/../lib/gcc/arm-none-eabi/10.3.1/thumb/v7-m/nofp/crtbegin.o

.rodata         0x000000000800e66c     0x16c8
                0x000000000800e66c                . = ALIGN (0x4)
 *(.rodata)
 .rodata        0x000000000800e66c      0x4e3 ./Core/Inc/help.o
 *fill*         0x000000000800eb4f        0x1 
 .rodata        0x000000000800eb50      0x597 ./Core/Src/as608.o
 *fill*         0x000000000800f0e7        0x1 
 .rodata        0x000000000800f0e8      0x354 ./Core/Src/main.o
 .rodata        0x000000000800f43c      0x183 ./Core/Src/pn532.o
 *fill*         0x000000000800f5bf        0x1 
 .rodata        0x000000000800f5c0        0x5 ./Core/Src/pn532_stm32f1.o
 *fill*         0x000000000800f5c5        0x3 
 .rodata        0x000000000800f5c8       0x56 ./Core/Src/syn6288.o
 *fill*         0x000000000800f61e        0x2 
 .rodata        0x000000000800f620       0x4a ./Core/Src/xpt2046.o
 *fill*         0x000000000800f66a        0x2 
 .rodata        0x000000000800f66c       0x10 ./Drivers/STM32F1xx_HAL_Driver/Src/stm32f1xx_hal_rcc.o
 .rodata        0x000000000800f67c       0x10 ./Drivers/STM32F1xx_HAL_Driver/Src/stm32f1xx_hal_rcc_ex.o
 *(.rodata*)
 .rodata.ucAscii_1608
                0x000000000800f68c      0x5f0 ./Core/Src/lcdtp.o
                0x000000000800f68c                ucAscii_1608
 .rodata.PN532_ACK
                0x000000000800fc7c        0x6 ./Core/Src/pn532.o
                0x000000000800fc7c                PN532_ACK
 *fill*         0x000000000800fc82        0x2 
 .rodata.AHBPrescTable
                0x000000000800fc84       0x10 ./Core/Src/system_stm32f1xx.o
                0x000000000800fc84                AHBPrescTable
 .rodata.APBPrescTable
                0x000000000800fc94        0x8 ./Core/Src/system_stm32f1xx.o
                0x000000000800fc94                APBPrescTable
 .rodata._global_impure_ptr
                0x000000000800fc9c        0x4 d:/stem32/stm32cubeide_1.9.0/stm32cubeide/plugins/com.st.stm32cube.ide.mcu.externaltools.gnu-tools-for-stm32.10.3-2021.10.win32_1.0.0.202111181127/tools/bin/../lib/gcc/arm-none-eabi/10.3.1/../../../../arm-none-eabi/lib/thumb/v7-m/nofp\libc_nano.a(lib_a-impure.o)
                0x000000000800fc9c                _global_impure_ptr
 .rodata.__sf_fake_stderr
                0x000000000800fca0       0x20 d:/stem32/stm32cubeide_1.9.0/stm32cubeide/plugins/com.st.stm32cube.ide.mcu.externaltools.gnu-tools-for-stm32.10.3-2021.10.win32_1.0.0.202111181127/tools/bin/../lib/gcc/arm-none-eabi/10.3.1/../../../../arm-none-eabi/lib/thumb/v7-m/nofp\libc_nano.a(lib_a-findfp.o)
                0x000000000800fca0                __sf_fake_stderr
 .rodata.__sf_fake_stdin
                0x000000000800fcc0       0x20 d:/stem32/stm32cubeide_1.9.0/stm32cubeide/plugins/com.st.stm32cube.ide.mcu.externaltools.gnu-tools-for-stm32.10.3-2021.10.win32_1.0.0.202111181127/tools/bin/../lib/gcc/arm-none-eabi/10.3.1/../../../../arm-none-eabi/lib/thumb/v7-m/nofp\libc_nano.a(lib_a-findfp.o)
                0x000000000800fcc0                __sf_fake_stdin
 .rodata.__sf_fake_stdout
                0x000000000800fce0       0x20 d:/stem32/stm32cubeide_1.9.0/stm32cubeide/plugins/com.st.stm32cube.ide.mcu.externaltools.gnu-tools-for-stm32.10.3-2021.10.win32_1.0.0.202111181127/tools/bin/../lib/gcc/arm-none-eabi/10.3.1/../../../../arm-none-eabi/lib/thumb/v7-m/nofp\libc_nano.a(lib_a-findfp.o)
                0x000000000800fce0                __sf_fake_stdout
 .rodata._svfprintf_r.str1.1
                0x000000000800fd00       0x11 d:/stem32/stm32cubeide_1.9.0/stm32cubeide/plugins/com.st.stm32cube.ide.mcu.externaltools.gnu-tools-for-stm32.10.3-2021.10.win32_1.0.0.202111181127/tools/bin/../lib/gcc/arm-none-eabi/10.3.1/../../../../arm-none-eabi/lib/thumb/v7-m/nofp\libc_nano.a(lib_a-nano-svfprintf.o)
 .rodata._vfprintf_r.str1.1
                0x000000000800fd11       0x11 d:/stem32/stm32cubeide_1.9.0/stm32cubeide/plugins/com.st.stm32cube.ide.mcu.externaltools.gnu-tools-for-stm32.10.3-2021.10.win32_1.0.0.202111181127/tools/bin/../lib/gcc/arm-none-eabi/10.3.1/../../../../arm-none-eabi/lib/thumb/v7-m/nofp\libc_nano.a(lib_a-nano-vfprintf.o)
 .rodata._printf_i.str1.1
                0x000000000800fd11       0x22 d:/stem32/stm32cubeide_1.9.0/stm32cubeide/plugins/com.st.stm32cube.ide.mcu.externaltools.gnu-tools-for-stm32.10.3-2021.10.win32_1.0.0.202111181127/tools/bin/../lib/gcc/arm-none-eabi/10.3.1/../../../../arm-none-eabi/lib/thumb/v7-m/nofp\libc_nano.a(lib_a-nano-vfprintf_i.o)
                0x000000000800fd34                . = ALIGN (0x4)
 *fill*         0x000000000800fd33        0x1 

.rel.dyn        0x000000000800fd34        0x0
 .rel.iplt      0x000000000800fd34        0x0 d:/stem32/stm32cubeide_1.9.0/stm32cubeide/plugins/com.st.stm32cube.ide.mcu.externaltools.gnu-tools-for-stm32.10.3-2021.10.win32_1.0.0.202111181127/tools/bin/../lib/gcc/arm-none-eabi/10.3.1/thumb/v7-m/nofp/crtbegin.o

.ARM.extab      0x000000000800fd34        0x0
                0x000000000800fd34                . = ALIGN (0x4)
 *(.ARM.extab* .gnu.linkonce.armextab.*)
                0x000000000800fd34                . = ALIGN (0x4)

.ARM            0x000000000800fd34        0x0
                0x000000000800fd34                . = ALIGN (0x4)
                0x000000000800fd34                __exidx_start = .
 *(.ARM.exidx*)
                0x000000000800fd34                __exidx_end = .
                0x000000000800fd34                . = ALIGN (0x4)

.preinit_array  0x000000000800fd34        0x0
                0x000000000800fd34                . = ALIGN (0x4)
                0x000000000800fd34                PROVIDE (__preinit_array_start = .)
 *(.preinit_array*)
                0x000000000800fd34                PROVIDE (__preinit_array_end = .)
                0x000000000800fd34                . = ALIGN (0x4)

.init_array     0x000000000800fd34        0x4
                0x000000000800fd34                . = ALIGN (0x4)
                0x000000000800fd34                PROVIDE (__init_array_start = .)
 *(SORT_BY_NAME(.init_array.*))
 *(.init_array*)
 .init_array    0x000000000800fd34        0x4 d:/stem32/stm32cubeide_1.9.0/stm32cubeide/plugins/com.st.stm32cube.ide.mcu.externaltools.gnu-tools-for-stm32.10.3-2021.10.win32_1.0.0.202111181127/tools/bin/../lib/gcc/arm-none-eabi/10.3.1/thumb/v7-m/nofp/crtbegin.o
                0x000000000800fd38                PROVIDE (__init_array_end = .)
                0x000000000800fd38                . = ALIGN (0x4)

.fini_array     0x000000000800fd38        0x4
                0x000000000800fd38                . = ALIGN (0x4)
                [!provide]                        PROVIDE (__fini_array_start = .)
 *(SORT_BY_NAME(.fini_array.*))
 *(.fini_array*)
 .fini_array    0x000000000800fd38        0x4 d:/stem32/stm32cubeide_1.9.0/stm32cubeide/plugins/com.st.stm32cube.ide.mcu.externaltools.gnu-tools-for-stm32.10.3-2021.10.win32_1.0.0.202111181127/tools/bin/../lib/gcc/arm-none-eabi/10.3.1/thumb/v7-m/nofp/crtbegin.o
                [!provide]                        PROVIDE (__fini_array_end = .)
                0x000000000800fd3c                . = ALIGN (0x4)
                0x000000000800fd3c                _sidata = LOADADDR (.data)

.data           0x0000000020000000      0x134 load address 0x000000000800fd3c
                0x0000000020000000                . = ALIGN (0x4)
                0x0000000020000000                _sdata = .
 *(.data)
 *(.data*)
 .data.AS608Addr
                0x0000000020000000        0x4 ./Core/Src/as608.o
                0x0000000020000000                AS608Addr
 .data.Get_Device_Code
                0x0000000020000004        0xa ./Core/Src/as608.o
                0x0000000020000004                Get_Device_Code
 *fill*         0x000000002000000e        0x2 
 .data.oldpassword
                0x0000000020000010        0x4 ./Core/Src/main.o
                0x0000000020000010                oldpassword
 .data.managerpassword
                0x0000000020000014        0x4 ./Core/Src/main.o
                0x0000000020000014                managerpassword
 .data.position
                0x0000000020000018        0x4 ./Core/Src/main.o
                0x0000000020000018                position
 .data.size_NFC
                0x000000002000001c        0x4 ./Core/Src/main.o
                0x000000002000001c                size_NFC
 .data.suoyidakai
                0x0000000020000020        0x9 ./Core/Src/syn6288.o
                0x0000000020000020                suoyidakai
 *fill*         0x0000000020000029        0x3 
 .data.suoyiguanbi
                0x000000002000002c        0x9 ./Core/Src/syn6288.o
                0x000000002000002c                suoyiguanbi
 *fill*         0x0000000020000035        0x3 
 .data.mimacuowu
                0x0000000020000038        0x9 ./Core/Src/syn6288.o
                0x0000000020000038                mimacuowu
 *fill*         0x0000000020000041        0x3 
 .data.moshengka
                0x0000000020000044        0x8 ./Core/Src/syn6288.o
                0x0000000020000044                moshengka
 .data.zhiwencuowu
                0x000000002000004c        0x9 ./Core/Src/syn6288.o
                0x000000002000004c                zhiwencuowu
 *fill*         0x0000000020000055        0x3 
 .data.jinruguanliyemian
                0x0000000020000058        0xd ./Core/Src/syn6288.o
                0x0000000020000058                jinruguanliyemian
 *fill*         0x0000000020000065        0x3 
 .data.tuichuguanliyemian
                0x0000000020000068        0xd ./Core/Src/syn6288.o
                0x0000000020000068                tuichuguanliyemian
 *fill*         0x0000000020000075        0x3 
 .data.cuowu    0x0000000020000078        0x5 ./Core/Src/syn6288.o
                0x0000000020000078                cuowu
 *fill*         0x000000002000007d        0x3 
 .data.jinggao  0x0000000020000080        0x5 ./Core/Src/syn6288.o
                0x0000000020000080                jinggao
 *fill*         0x0000000020000085        0x3 
 .data.jingbaojiechuy
                0x0000000020000088        0x9 ./Core/Src/syn6288.o
                0x0000000020000088                jingbaojiechuy
 *fill*         0x0000000020000091        0x3 
 .data.SystemCoreClock
                0x0000000020000094        0x4 ./Core/Src/system_stm32f1xx.o
                0x0000000020000094                SystemCoreClock
 .data.strXPT2046_TouchPara
                0x0000000020000098       0x30 ./Core/Src/xpt2046.o
                0x0000000020000098                strXPT2046_TouchPara
 .data.uwTickPrio
                0x00000000200000c8        0x4 ./Drivers/STM32F1xx_HAL_Driver/Src/stm32f1xx_hal.o
                0x00000000200000c8                uwTickPrio
 .data.uwTickFreq
                0x00000000200000cc        0x1 ./Drivers/STM32F1xx_HAL_Driver/Src/stm32f1xx_hal.o
                0x00000000200000cc                uwTickFreq
 *fill*         0x00000000200000cd        0x3 
 .data._impure_ptr
                0x00000000200000d0        0x4 d:/stem32/stm32cubeide_1.9.0/stm32cubeide/plugins/com.st.stm32cube.ide.mcu.externaltools.gnu-tools-for-stm32.10.3-2021.10.win32_1.0.0.202111181127/tools/bin/../lib/gcc/arm-none-eabi/10.3.1/../../../../arm-none-eabi/lib/thumb/v7-m/nofp\libc_nano.a(lib_a-impure.o)
                0x00000000200000d0                _impure_ptr
 .data.impure_data
                0x00000000200000d4       0x60 d:/stem32/stm32cubeide_1.9.0/stm32cubeide/plugins/com.st.stm32cube.ide.mcu.externaltools.gnu-tools-for-stm32.10.3-2021.10.win32_1.0.0.202111181127/tools/bin/../lib/gcc/arm-none-eabi/10.3.1/../../../../arm-none-eabi/lib/thumb/v7-m/nofp\libc_nano.a(lib_a-impure.o)
 *(.RamFunc)
 *(.RamFunc*)
                0x0000000020000134                . = ALIGN (0x4)
                0x0000000020000134                _edata = .

.igot.plt       0x0000000020000134        0x0 load address 0x000000000800fe70
 .igot.plt      0x0000000020000134        0x0 d:/stem32/stm32cubeide_1.9.0/stm32cubeide/plugins/com.st.stm32cube.ide.mcu.externaltools.gnu-tools-for-stm32.10.3-2021.10.win32_1.0.0.202111181127/tools/bin/../lib/gcc/arm-none-eabi/10.3.1/thumb/v7-m/nofp/crtbegin.o
                0x0000000020000134                . = ALIGN (0x4)

.bss            0x0000000020000134      0x574 load address 0x000000000800fe70
                0x0000000020000134                _sbss = .
                0x0000000020000134                __bss_start__ = _sbss
 *(.bss)
 .bss           0x0000000020000134       0x1c d:/stem32/stm32cubeide_1.9.0/stm32cubeide/plugins/com.st.stm32cube.ide.mcu.externaltools.gnu-tools-for-stm32.10.3-2021.10.win32_1.0.0.202111181127/tools/bin/../lib/gcc/arm-none-eabi/10.3.1/thumb/v7-m/nofp/crtbegin.o
 *(.bss*)
 .bss.USART3_RX_BUF
                0x0000000020000150      0x190 ./Core/Src/as608.o
                0x0000000020000150                USART3_RX_BUF
 .bss.USART3_RX_STA
                0x00000000200002e0        0x1 ./Core/Src/as608.o
                0x00000000200002e0                USART3_RX_STA
 *fill*         0x00000000200002e1        0x3 
 .bss.fingerprintLibrary
                0x00000000200002e4        0x5 ./Core/Src/as608.o
                0x00000000200002e4                fingerprintLibrary
 *fill*         0x00000000200002e9        0x3 
 .bss.hsram1    0x00000000200002ec       0x48 ./Core/Src/fsmc.o
                0x00000000200002ec                hsram1
 .bss.FSMC_Initialized
                0x0000000020000334        0x4 ./Core/Src/fsmc.o
 .bss.keyVal    0x0000000020000338        0x1 ./Core/Src/gpio.o
 *fill*         0x0000000020000339        0x3 
 .bss.now_time  0x000000002000033c       0x14 ./Core/Src/main.o
                0x000000002000033c                now_time
 .bss.testpassword
                0x0000000020000350        0x4 ./Core/Src/main.o
                0x0000000020000350                testpassword
 .bss.strDisplayCoordinate
                0x0000000020000354        0x4 ./Core/Src/main.o
                0x0000000020000354                strDisplayCoordinate
 .bss.NFC_KEYS  0x0000000020000358       0x14 ./Core/Src/main.o
                0x0000000020000358                NFC_KEYS
 .bss.returnToNFCMenu
                0x000000002000036c        0x1 ./Core/Src/main.o
                0x000000002000036c                returnToNFCMenu
 .bss.SYS6288Rx
                0x000000002000036d        0x1 ./Core/Src/main.o
                0x000000002000036d                SYS6288Rx
 *fill*         0x000000002000036e        0x2 
 .bss.seconds   0x0000000020000370        0x4 ./Core/Src/main.o
                0x0000000020000370                seconds
 .bss.left_scond
                0x0000000020000374       0xff ./Core/Src/main.o
                0x0000000020000374                left_scond
 *fill*         0x0000000020000473        0x1 
 .bss.currentFingerprintCount
                0x0000000020000474        0x2 ./Core/Src/main.o
                0x0000000020000474                currentFingerprintCount
 *fill*         0x0000000020000476        0x2 
 .bss.test_time
                0x0000000020000478        0x4 ./Core/Src/main.o
                0x0000000020000478                test_time
 .bss.finger_time
                0x000000002000047c        0x4 ./Core/Src/main.o
                0x000000002000047c                finger_time
 .bss.nfc_time  0x0000000020000480        0x4 ./Core/Src/main.o
                0x0000000020000480                nfc_time
 .bss.returnTomain
                0x0000000020000484        0x4 ./Core/Src/main.o
                0x0000000020000484                returnTomain
 .bss.enter     0x0000000020000488        0x4 ./Core/Src/main.o
                0x0000000020000488                enter
 .bss.buffer    0x000000002000048c       0x32 ./Core/Src/mylibrary.o
                0x000000002000048c                buffer
 *fill*         0x00000000200004be        0x2 
 .bss.hrtc      0x00000000200004c0       0x14 ./Core/Src/rtc.o
                0x00000000200004c0                hrtc
 .bss.hspi1     0x00000000200004d4       0x58 ./Core/Src/spi.o
                0x00000000200004d4                hspi1
 .bss.__sbrk_heap_end
                0x000000002000052c        0x4 ./Core/Src/sysmem.o
 .bss.htim1     0x0000000020000530       0x48 ./Core/Src/tim.o
                0x0000000020000530                htim1
 .bss.htim2     0x0000000020000578       0x48 ./Core/Src/tim.o
                0x0000000020000578                htim2
 .bss.htim5     0x00000000200005c0       0x48 ./Core/Src/tim.o
                0x00000000200005c0                htim5
 .bss.huart2    0x0000000020000608       0x44 ./Core/Src/usart.o
                0x0000000020000608                huart2
 .bss.huart3    0x000000002000064c       0x44 ./Core/Src/usart.o
                0x000000002000064c                huart3
 .bss.ucXPT2046_TouchFlag
                0x0000000020000690        0x1 ./Core/Src/xpt2046.o